/home/hiho817/.local/lib/python3.10/site-packages/matplotlib/projections/__init__.py:63: UserWarning: Unable to import Axes3D. This may be due to multiple versions of Matplotlib being installed (e.g. as a system package and as a pip package). As a result, the 3D projection is not available.
  warnings.warn("Unable to import Axes3D. This may be due to multiple versions of "
/home/hiho817/analysis_ws/thesis_exp/physical_exp/experiments/FLAT_MPC_NEW_REAL_1/analyze_impl.py:1237: UserWarning: Glyph 23526 (\N{CJK UNIFIED IDEOGRAPH-5BE6}) missing from font(s) DejaVu Sans.
  fig.tight_layout()
/home/hiho817/analysis_ws/thesis_exp/physical_exp/experiments/FLAT_MPC_NEW_REAL_1/analyze_impl.py:1237: UserWarning: Glyph 39511 (\N{CJK UNIFIED IDEOGRAPH-9A57}) missing from font(s) DejaVu Sans.
  fig.tight_layout()
/home/hiho817/analysis_ws/thesis_exp/physical_exp/experiments/FLAT_MPC_NEW_REAL_1/analyze_impl.py:1237: UserWarning: Glyph 65306 (\N{FULLWIDTH COLON}) missing from font(s) DejaVu Sans.
  fig.tight_layout()
/home/hiho817/analysis_ws/thesis_exp/physical_exp/experiments/FLAT_MPC_NEW_REAL_1/analyze_impl.py:1237: UserWarning: Glyph 27604 (\N{CJK UNIFIED IDEOGRAPH-6BD4}) missing from font(s) DejaVu Sans.
  fig.tight_layout()
/home/hiho817/analysis_ws/thesis_exp/physical_exp/experiments/FLAT_MPC_NEW_REAL_1/analyze_impl.py:1237: UserWarning: Glyph 36611 (\N{CJK UNIFIED IDEOGRAPH-8F03}) missing from font(s) DejaVu Sans.
  fig.tight_layout()
/home/hiho817/analysis_ws/thesis_exp/physical_exp/experiments/FLAT_MPC_NEW_REAL_1/analyze_impl.py:1238: UserWarning: Glyph 23526 (\N{CJK UNIFIED IDEOGRAPH-5BE6}) missing from font(s) DejaVu Sans.
  fig.savefig(os.path.join(OUT_DIR, 'fig_comparison.pdf'), dpi=150)
/home/hiho817/analysis_ws/thesis_exp/physical_exp/experiments/FLAT_MPC_NEW_REAL_1/analyze_impl.py:1238: UserWarning: Glyph 39511 (\N{CJK UNIFIED IDEOGRAPH-9A57}) missing from font(s) DejaVu Sans.
  fig.savefig(os.path.join(OUT_DIR, 'fig_comparison.pdf'), dpi=150)
/home/hiho817/analysis_ws/thesis_exp/physical_exp/experiments/FLAT_MPC_NEW_REAL_1/analyze_impl.py:1238: UserWarning: Glyph 65306 (\N{FULLWIDTH COLON}) missing from font(s) DejaVu Sans.
  fig.savefig(os.path.join(OUT_DIR, 'fig_comparison.pdf'), dpi=150)
/home/hiho817/analysis_ws/thesis_exp/physical_exp/experiments/FLAT_MPC_NEW_REAL_1/analyze_impl.py:1238: UserWarning: Glyph 27604 (\N{CJK UNIFIED IDEOGRAPH-6BD4}) missing from font(s) DejaVu Sans.
  fig.savefig(os.path.join(OUT_DIR, 'fig_comparison.pdf'), dpi=150)
/home/hiho817/analysis_ws/thesis_exp/physical_exp/experiments/FLAT_MPC_NEW_REAL_1/analyze_impl.py:1238: UserWarning: Glyph 36611 (\N{CJK UNIFIED IDEOGRAPH-8F03}) missing from font(s) DejaVu Sans.
  fig.savefig(os.path.join(OUT_DIR, 'fig_comparison.pdf'), dpi=150)

============================================================
[NEW] FLAT_MPC_NEW_REAL_1  (mpc_esekf_20260528_172005)
============================================================
[vicon_loader] Markers: ['ground1', 'ground2', 'ground3', 'ground4', 'O1', 'O2', 'O3', 'O4', 'Tigger', 'G1', 'G2', 'G3', 'G4']
[vicon_loader] N=22279 frames, trigger frame=845 (1.690 s), trigger_end frame=21046 (40.402 s after ON), contact_threshold=15 mm
[bag_loader] Using trigger pair 0: ON=1779960018.920s, OFF=1779960059.3242517
[bag_loader] EKF: 17789 msgs, odom: 403 msgs, fv: 403 msgs
[bag_loader] t_ros_trigger = 1779960018.920 s, t_trigger_end = 40.40418076515198
Analysis window: t ∈ [0, 40.40] s
  [LF] accuracy=89.7% (N=13900, TP=9537, TN=2938, FP=35, FN=1390; overlap=0.00–27.80s)
  [RF] accuracy=90.5% (N=14400, TP=11552, TN=1477, FP=382, FN=989; overlap=0.00–28.80s)
  [RH] accuracy=88.5% (N=13999, TP=9449, TN=2943, FP=0, FN=1607; overlap=6.34–34.34s)
  [LH] accuracy=92.8% (N=13917, TP=8438, TN=4479, FP=280, FN=720; overlap=5.48–33.31s)
  EKF Pos RMSE: X=1.18cm Y=5.68cm 3D=6.16cm
  EKF Vel RMSE vx=0.031 vy=0.047 m/s
  Odom RMSE: X=1.11cm Y=2.60cm 2D=2.83cm
  → Saved metrics.json & figures to /home/hiho817/analysis_ws/thesis_exp/physical_exp/experiments/FLAT_MPC_NEW_REAL_1/results/FLAT_MPC_NEW_REAL_1

[Corrected summary] → /home/hiho817/analysis_ws/thesis_exp/physical_exp/experiments/FLAT_MPC_NEW_REAL_1/results/analysis_report.md
[Summary] → fig_comparison.pdf

Done. 1 experiments processed, 0 failed.
