/home/hiho817/.local/lib/python3.10/site-packages/matplotlib/projections/__init__.py:63: UserWarning: Unable to import Axes3D. This may be due to multiple versions of Matplotlib being installed (e.g. as a system package and as a pip package). As a result, the 3D projection is not available.
  warnings.warn("Unable to import Axes3D. This may be due to multiple versions of "
/home/hiho817/analysis_ws/thesis_exp/physical_exp/experiments/FLAT_MPC_NEW_REAL_2/analyze_impl.py:1237: UserWarning: Glyph 23526 (\N{CJK UNIFIED IDEOGRAPH-5BE6}) missing from font(s) DejaVu Sans.
  fig.tight_layout()
/home/hiho817/analysis_ws/thesis_exp/physical_exp/experiments/FLAT_MPC_NEW_REAL_2/analyze_impl.py:1237: UserWarning: Glyph 39511 (\N{CJK UNIFIED IDEOGRAPH-9A57}) missing from font(s) DejaVu Sans.
  fig.tight_layout()
/home/hiho817/analysis_ws/thesis_exp/physical_exp/experiments/FLAT_MPC_NEW_REAL_2/analyze_impl.py:1237: UserWarning: Glyph 65306 (\N{FULLWIDTH COLON}) missing from font(s) DejaVu Sans.
  fig.tight_layout()
/home/hiho817/analysis_ws/thesis_exp/physical_exp/experiments/FLAT_MPC_NEW_REAL_2/analyze_impl.py:1237: UserWarning: Glyph 27604 (\N{CJK UNIFIED IDEOGRAPH-6BD4}) missing from font(s) DejaVu Sans.
  fig.tight_layout()
/home/hiho817/analysis_ws/thesis_exp/physical_exp/experiments/FLAT_MPC_NEW_REAL_2/analyze_impl.py:1237: UserWarning: Glyph 36611 (\N{CJK UNIFIED IDEOGRAPH-8F03}) missing from font(s) DejaVu Sans.
  fig.tight_layout()
/home/hiho817/analysis_ws/thesis_exp/physical_exp/experiments/FLAT_MPC_NEW_REAL_2/analyze_impl.py:1238: UserWarning: Glyph 23526 (\N{CJK UNIFIED IDEOGRAPH-5BE6}) missing from font(s) DejaVu Sans.
  fig.savefig(os.path.join(OUT_DIR, 'fig_comparison.pdf'), dpi=150)
/home/hiho817/analysis_ws/thesis_exp/physical_exp/experiments/FLAT_MPC_NEW_REAL_2/analyze_impl.py:1238: UserWarning: Glyph 39511 (\N{CJK UNIFIED IDEOGRAPH-9A57}) missing from font(s) DejaVu Sans.
  fig.savefig(os.path.join(OUT_DIR, 'fig_comparison.pdf'), dpi=150)
/home/hiho817/analysis_ws/thesis_exp/physical_exp/experiments/FLAT_MPC_NEW_REAL_2/analyze_impl.py:1238: UserWarning: Glyph 65306 (\N{FULLWIDTH COLON}) missing from font(s) DejaVu Sans.
  fig.savefig(os.path.join(OUT_DIR, 'fig_comparison.pdf'), dpi=150)
/home/hiho817/analysis_ws/thesis_exp/physical_exp/experiments/FLAT_MPC_NEW_REAL_2/analyze_impl.py:1238: UserWarning: Glyph 27604 (\N{CJK UNIFIED IDEOGRAPH-6BD4}) missing from font(s) DejaVu Sans.
  fig.savefig(os.path.join(OUT_DIR, 'fig_comparison.pdf'), dpi=150)
/home/hiho817/analysis_ws/thesis_exp/physical_exp/experiments/FLAT_MPC_NEW_REAL_2/analyze_impl.py:1238: UserWarning: Glyph 36611 (\N{CJK UNIFIED IDEOGRAPH-8F03}) missing from font(s) DejaVu Sans.
  fig.savefig(os.path.join(OUT_DIR, 'fig_comparison.pdf'), dpi=150)

============================================================
[NEW] FLAT_MPC_NEW_REAL_2  (mpc_esekf_20260528_172225)
============================================================
[vicon_loader] Markers: ['ground1', 'ground2', 'ground3', 'ground4', 'O1', 'O2', 'O3', 'O4', 'Tigger', 'G1', 'G2', 'G3', 'G4']
[vicon_loader] N=22293 frames, trigger frame=869 (1.738 s), trigger_end frame=21655 (41.572 s after ON), contact_threshold=15 mm
[bag_loader] Using trigger pair 0: ON=1779960160.160s, OFF=1779960201.7321043
[bag_loader] EKF: 18647 msgs, odom: 414 msgs, fv: 414 msgs
[bag_loader] t_ros_trigger = 1779960160.160 s, t_trigger_end = 41.572580337524414
Analysis window: t ∈ [0, 41.57] s
  [LF] accuracy=89.3% (N=14097, TP=9586, TN=3000, FP=0, FN=1511; overlap=0.00–28.20s)
  [RF] accuracy=90.5% (N=14433, TP=11505, TN=1562, FP=336, FN=1030; overlap=0.00–28.87s)
  [RH] accuracy=89.5% (N=13996, TP=9390, TN=3131, FP=9, FN=1466; overlap=6.39–34.38s)
  [LH] accuracy=93.6% (N=13070, TP=7996, TN=4231, FP=70, FN=773; overlap=7.26–33.40s)
  EKF Pos RMSE: X=0.97cm Y=4.64cm 3D=4.89cm
  EKF Vel RMSE vx=0.031 vy=0.043 m/s
  Odom RMSE: X=0.71cm Y=2.70cm 2D=2.79cm
  → Saved metrics.json & figures to /home/hiho817/analysis_ws/thesis_exp/physical_exp/experiments/FLAT_MPC_NEW_REAL_2/results/FLAT_MPC_NEW_REAL_2

[Corrected summary] → /home/hiho817/analysis_ws/thesis_exp/physical_exp/experiments/FLAT_MPC_NEW_REAL_2/results/analysis_report.md
[Summary] → fig_comparison.pdf

Done. 1 experiments processed, 0 failed.
