[INFO] [launch]: All log files can be found below /tmp/codex_ros_logs/2026-07-16-18-14-16-533037-HIHO817-TUF-JAMMY-2118909
[INFO] [launch]: Default logging verbosity is set to INFO
[INFO] [corgi_leg_odom-1]: process started with pid [2118928]
[INFO] [corgi_fusion_node-2]: process started with pid [2118930]
[corgi_fusion_node-2] [INFO] [1784196856.590586991] [corgi_fusion_node]: FusionNode: loaded config/fusion/config_fusion.yaml
[corgi_leg_odom-1] [WARN] [1784196856.591995138] [leg_odometry]: config has use_esekf_state=false but it is ignored in the online node — always running with ESEKF state
[corgi_fusion_node-2] [INFO] [1784196856.594767703] [corgi_fusion_node]: FusionNode started. map_frame=map, odom_frame=odom
[corgi_leg_odom-1] [INFO] [1784196856.596972716] [corgi_leg_odom]: Leg Odometry Node Started (event-driven, driven by motor_state)
[corgi_leg_odom-1] [INFO] [1784196856.597019822] [corgi_leg_odom]: Waiting for simulation clock...
[corgi_leg_odom-1] ============================================================
[corgi_leg_odom-1] Discrete-Time Disturbance Observer
[corgi_leg_odom-1] ============================================================
[corgi_leg_odom-1] Sampling Time: 1 ms
[corgi_leg_odom-1] Cutoff frequency: 15 Hz
[corgi_leg_odom-1] γ (Z-domain Pole): 0.910057
[corgi_leg_odom-1] β: 98.83
[corgi_leg_odom-1] ============================================================
[corgi_leg_odom-1] [INFO] [1784196862.312598269] [corgi_leg_odom]: Clock synced! Sim Time: 1779952060.11
[corgi_leg_odom-1] [WARN] [1784196862.329223602] [corgi_leg_odom]: Waiting for data... Motor: 1, IMU: 0
[corgi_leg_odom-1] [INFO] [1784196862.833576549] [corgi_leg_odom]: Waiting for trigger...
[corgi_leg_odom-1] [INFO] [1784196863.345569140] [corgi_leg_odom]: Waiting for trigger...
[corgi_leg_odom-1] [INFO] [1784196863.884181682] [corgi_leg_odom]: Waiting for trigger...
[corgi_leg_odom-1] [INFO] [1784196864.402843558] [corgi_leg_odom]: Waiting for trigger...
[corgi_leg_odom-1] [INFO] [1784196864.979433362] [corgi_leg_odom]: Waiting for trigger...
[corgi_leg_odom-1] [INFO] [1784196865.500860406] [corgi_leg_odom]: Waiting for trigger...
[corgi_leg_odom-1] [INFO] [1784196866.029290067] [corgi_leg_odom]: Waiting for trigger...
[corgi_leg_odom-1] [INFO] [1784196866.571124212] [corgi_leg_odom]: Waiting for trigger...
[corgi_leg_odom-1] [INFO] [1784196867.132457821] [corgi_leg_odom]: Waiting for trigger...
[corgi_leg_odom-1] [INFO] [1784196867.738548755] [corgi_leg_odom]: Waiting for trigger...
[corgi_leg_odom-1] [INFO] [1784196868.335534345] [corgi_leg_odom]: Waiting for trigger...
[corgi_leg_odom-1] [INFO] [1784196868.900051927] [corgi_leg_odom]: Waiting for trigger...
[corgi_leg_odom-1] [INFO] [1784196869.441093260] [corgi_leg_odom]: Waiting for trigger...
[corgi_leg_odom-1] [INFO] [1784196870.007521911] [corgi_leg_odom]: Waiting for trigger...
[corgi_leg_odom-1] [INFO] [1784196870.554664208] [corgi_leg_odom]: Waiting for trigger...
[corgi_leg_odom-1] [INFO] [1784196871.079066094] [corgi_leg_odom]: Waiting for trigger...
[corgi_leg_odom-1] [INFO] [1784196871.621814629] [corgi_leg_odom]: Waiting for trigger...
[corgi_leg_odom-1] [INFO] [1784196872.199173860] [corgi_leg_odom]: Waiting for trigger...
[corgi_leg_odom-1] [INFO] [1784196872.792665532] [corgi_leg_odom]: Waiting for trigger...
[corgi_leg_odom-1] [INFO] [1784196873.358892581] [corgi_leg_odom]: Waiting for trigger...
[corgi_leg_odom-1] [INFO] [1784196873.895774523] [corgi_leg_odom]: Waiting for trigger...
[corgi_leg_odom-1] [INFO] [1784196874.466281147] [corgi_leg_odom]: Waiting for trigger...
[corgi_leg_odom-1] [INFO] [1784196875.032224299] [corgi_leg_odom]: Waiting for trigger...
[corgi_leg_odom-1] [INFO] [1784196875.603073228] [corgi_leg_odom]: Waiting for trigger...
[corgi_leg_odom-1] [INFO] [1784196876.171543658] [corgi_leg_odom]: Waiting for trigger...
[corgi_leg_odom-1] [INFO] [1784196876.718161908] [corgi_leg_odom]: Waiting for trigger...
[corgi_leg_odom-1] [INFO] [1784196877.257022091] [corgi_leg_odom]: Waiting for trigger...
[corgi_leg_odom-1] [INFO] [1784196877.781046545] [corgi_leg_odom]: Waiting for trigger...
[corgi_leg_odom-1] [INFO] [1784196878.317849380] [corgi_leg_odom]: Waiting for trigger...
[corgi_leg_odom-1] [INFO] [1784196878.837171775] [corgi_leg_odom]: Waiting for trigger...
[corgi_leg_odom-1] [INFO] [1784196879.377785482] [corgi_leg_odom]: Waiting for trigger...
[corgi_leg_odom-1] [INFO] [1784196879.965254149] [corgi_leg_odom]: Waiting for trigger...
[corgi_leg_odom-1] [INFO] [1784196880.521734370] [corgi_leg_odom]: Waiting for trigger...
[corgi_leg_odom-1] [INFO] [1784196881.090506288] [corgi_leg_odom]: Waiting for trigger...
[corgi_leg_odom-1] [INFO] [1784196881.649070640] [corgi_leg_odom]: Waiting for trigger...
[corgi_leg_odom-1] [INFO] [1784196882.213586330] [corgi_leg_odom]: Waiting for trigger...
[corgi_leg_odom-1] [INFO] [1784196882.777608502] [corgi_leg_odom]: Waiting for trigger...
[corgi_leg_odom-1] [INFO] [1784196883.320224901] [corgi_leg_odom]: Waiting for trigger...
[corgi_leg_odom-1] [INFO] [1784196883.877009645] [corgi_leg_odom]: Waiting for trigger...
[corgi_leg_odom-1] [INFO] [1784196884.447710647] [corgi_leg_odom]: Waiting for trigger...
[corgi_leg_odom-1] [INFO] [1784196885.028049592] [corgi_leg_odom]: Waiting for trigger...
[corgi_leg_odom-1] [INFO] [1784196885.615539647] [corgi_leg_odom]: Waiting for trigger...
[corgi_leg_odom-1] [INFO] [1784196886.183133653] [corgi_leg_odom]: Waiting for trigger...
[corgi_leg_odom-1] [INFO] [1784196886.754651639] [corgi_leg_odom]: Waiting for trigger...
[corgi_leg_odom-1] [INFO] [1784196887.328582998] [corgi_leg_odom]: Waiting for trigger...
[corgi_leg_odom-1] [INFO] [1784196887.917218726] [corgi_leg_odom]: Waiting for trigger...
[corgi_leg_odom-1] [INFO] [1784196888.492376163] [corgi_leg_odom]: Waiting for trigger...
[corgi_leg_odom-1] [INFO] [1784196889.039988167] [corgi_leg_odom]: Waiting for trigger...
[corgi_leg_odom-1] [INFO] [1784196889.608193852] [corgi_leg_odom]: Waiting for trigger...
[corgi_leg_odom-1] [INFO] [1784196890.182018591] [corgi_leg_odom]: Waiting for trigger...
[corgi_leg_odom-1] [INFO] [1784196890.734348354] [corgi_leg_odom]: Waiting for trigger...
[corgi_leg_odom-1] [INFO] [1784196891.309561319] [corgi_leg_odom]: Waiting for trigger...
[corgi_leg_odom-1] [INFO] [1784196891.914432262] [corgi_leg_odom]: Waiting for trigger...
[corgi_leg_odom-1] [INFO] [1784196892.511265562] [corgi_leg_odom]: Waiting for trigger...
[corgi_leg_odom-1] [INFO] [1784196893.109091678] [corgi_leg_odom]: Waiting for trigger...
[corgi_leg_odom-1] [INFO] [1784196893.710182410] [corgi_leg_odom]: Waiting for trigger...
[corgi_leg_odom-1] [INFO] [1784196894.306376609] [corgi_leg_odom]: Waiting for trigger...
[corgi_leg_odom-1] [INFO] [1784196894.897365796] [corgi_leg_odom]: Waiting for trigger...
[corgi_leg_odom-1] [INFO] [1784196895.499559857] [corgi_leg_odom]: Waiting for trigger...
[corgi_leg_odom-1] [INFO] [1784196896.028129970] [corgi_leg_odom]: Waiting for trigger...
[corgi_leg_odom-1] [INFO] [1784196896.551143763] [corgi_leg_odom]: Waiting for trigger...
[corgi_leg_odom-1] [INFO] [1784196897.095138868] [corgi_leg_odom]: Waiting for trigger...
[corgi_leg_odom-1] [INFO] [1784196897.611875681] [corgi_leg_odom]: Waiting for trigger...
[corgi_leg_odom-1] [INFO] [1784196898.119377568] [corgi_leg_odom]: Waiting for trigger...
[corgi_leg_odom-1] [INFO] [1784196898.630335911] [corgi_leg_odom]: Waiting for trigger...
[corgi_leg_odom-1] [INFO] [1784196899.205630321] [corgi_leg_odom]: Waiting for trigger...
[corgi_leg_odom-1] [INFO] [1784196899.789649810] [corgi_leg_odom]: Waiting for trigger...
[corgi_leg_odom-1] [INFO] [1784196900.350609207] [corgi_leg_odom]: Waiting for trigger...
[corgi_leg_odom-1] [INFO] [1784196900.906100050] [corgi_leg_odom]: Waiting for trigger...
[corgi_leg_odom-1] [INFO] [1784196901.460704288] [corgi_leg_odom]: Waiting for trigger...
[corgi_leg_odom-1] [INFO] [1784196902.035276100] [corgi_leg_odom]: Waiting for trigger...
[corgi_leg_odom-1] [INFO] [1784196902.661553367] [corgi_leg_odom]: Waiting for trigger...
[corgi_leg_odom-1] [INFO] [1784196903.244005285] [corgi_leg_odom]: Waiting for trigger...
[corgi_leg_odom-1] [INFO] [1784196903.770555511] [corgi_leg_odom]: Waiting for trigger...
[corgi_leg_odom-1] [INFO] [1784196904.299495631] [corgi_leg_odom]: Waiting for trigger...
[corgi_leg_odom-1] [INFO] [1784196904.873940796] [corgi_leg_odom]: Waiting for trigger...
[corgi_leg_odom-1] [INFO] [1784196905.388393062] [corgi_leg_odom]: Waiting for trigger...
[corgi_leg_odom-1] [INFO] [1784196905.914686377] [corgi_leg_odom]: Waiting for trigger...
[corgi_leg_odom-1] [INFO] [1784196906.439000595] [corgi_leg_odom]: Waiting for trigger...
[corgi_leg_odom-1] [INFO] [1784196906.989854319] [corgi_leg_odom]: Waiting for trigger...
[corgi_leg_odom-1] [INFO] [1784196907.607672912] [corgi_leg_odom]: Waiting for trigger...
[corgi_leg_odom-1] [INFO] [1784196908.186465717] [corgi_leg_odom]: Waiting for trigger...
[corgi_leg_odom-1] [INFO] [1784196908.807819790] [corgi_leg_odom]: Waiting for trigger...
[corgi_leg_odom-1] [INFO] [1784196909.375598398] [corgi_leg_odom]: Waiting for trigger...
[corgi_leg_odom-1] [INFO] [1784196909.963189733] [corgi_leg_odom]: Waiting for trigger...
[corgi_leg_odom-1] [INFO] [1784196910.529691802] [corgi_leg_odom]: Waiting for trigger...
[corgi_leg_odom-1] [INFO] [1784196911.089760908] [corgi_leg_odom]: Waiting for trigger...
[corgi_leg_odom-1] [INFO] [1784196911.658268899] [corgi_leg_odom]: Waiting for trigger...
[corgi_leg_odom-1] [INFO] [1784196912.219132387] [corgi_leg_odom]: Waiting for trigger...
[corgi_leg_odom-1] [INFO] [1784196912.782930172] [corgi_leg_odom]: Waiting for trigger...
[corgi_leg_odom-1] [INFO] [1784196913.355550521] [corgi_leg_odom]: Waiting for trigger...
[corgi_leg_odom-1] [INFO] [1784196913.909091810] [corgi_leg_odom]: Waiting for trigger...
[corgi_leg_odom-1] [INFO] [1784196914.484003442] [corgi_leg_odom]: Waiting for trigger...
[corgi_leg_odom-1] [INFO] [1784196915.059275394] [corgi_leg_odom]: Waiting for trigger...
[corgi_leg_odom-1] [INFO] [1784196915.630514390] [corgi_leg_odom]: Waiting for trigger...
[corgi_leg_odom-1] [INFO] [1784196916.206042301] [corgi_leg_odom]: Waiting for trigger...
[corgi_leg_odom-1] [INFO] [1784196916.761261183] [corgi_leg_odom]: Waiting for trigger...
[corgi_leg_odom-1] [INFO] [1784196917.322304223] [corgi_leg_odom]: Waiting for trigger...
[corgi_leg_odom-1] [INFO] [1784196917.908211620] [corgi_leg_odom]: Waiting for trigger...
[corgi_leg_odom-1] [INFO] [1784196918.484988729] [corgi_leg_odom]: Waiting for trigger...
[corgi_leg_odom-1] [INFO] [1784196919.034582541] [corgi_leg_odom]: Waiting for trigger...
[corgi_leg_odom-1] [INFO] [1784196919.653608710] [corgi_leg_odom]: Waiting for trigger...
[corgi_leg_odom-1] [INFO] [1784196920.230577468] [corgi_leg_odom]: Waiting for trigger...
[corgi_leg_odom-1] [INFO] [1784196920.763851712] [corgi_leg_odom]: Waiting for trigger...
[corgi_leg_odom-1] [INFO] [1784196921.310524153] [corgi_leg_odom]: Waiting for trigger...
[corgi_leg_odom-1] [INFO] [1784196921.836124498] [corgi_leg_odom]: Waiting for trigger...
[corgi_leg_odom-1] [INFO] [1784196922.364687636] [corgi_leg_odom]: Waiting for trigger...
[corgi_leg_odom-1] [INFO] [1784196922.906822009] [corgi_leg_odom]: Waiting for trigger...
[corgi_leg_odom-1] [INFO] [1784196923.465264151] [corgi_leg_odom]: Waiting for trigger...
[corgi_leg_odom-1] [INFO] [1784196924.048824196] [corgi_leg_odom]: Waiting for trigger...
[corgi_leg_odom-1] [INFO] [1784196924.616823826] [corgi_leg_odom]: Waiting for trigger...
[corgi_leg_odom-1] [INFO] [1784196925.216507263] [corgi_leg_odom]: Waiting for trigger...
[corgi_leg_odom-1] [INFO] [1784196925.767679393] [corgi_leg_odom]: Waiting for trigger...
[corgi_leg_odom-1] [INFO] [1784196926.309772290] [corgi_leg_odom]: Waiting for trigger...
[corgi_leg_odom-1] [INFO] [1784196926.877062572] [corgi_leg_odom]: Waiting for trigger...
[corgi_leg_odom-1] [INFO] [1784196927.414586707] [corgi_leg_odom]: Waiting for trigger...
[corgi_leg_odom-1] [INFO] [1784196927.946733821] [corgi_leg_odom]: Waiting for trigger...
[corgi_leg_odom-1] [INFO] [1784196928.518585256] [corgi_leg_odom]: Waiting for trigger...
[corgi_leg_odom-1] [INFO] [1784196929.099694708] [corgi_leg_odom]: Waiting for trigger...
[corgi_leg_odom-1] [INFO] [1784196929.652087588] [corgi_leg_odom]: Waiting for trigger...
[corgi_leg_odom-1] [INFO] [1784196930.178130647] [corgi_leg_odom]: Waiting for trigger...
[corgi_leg_odom-1] [INFO] [1784196930.748332984] [corgi_leg_odom]: Waiting for trigger...
[corgi_leg_odom-1] [INFO] [1784196931.287980919] [corgi_leg_odom]: Waiting for trigger...
[corgi_leg_odom-1] [INFO] [1784196931.848639610] [corgi_leg_odom]: Waiting for trigger...
[corgi_leg_odom-1] [INFO] [1784196932.442039810] [corgi_leg_odom]: Waiting for trigger...
[corgi_leg_odom-1] [INFO] [1784196933.017193053] [corgi_leg_odom]: Waiting for trigger...
[corgi_leg_odom-1] [INFO] [1784196933.584079885] [corgi_leg_odom]: Waiting for trigger...
[corgi_leg_odom-1] [INFO] [1784196934.136386750] [corgi_leg_odom]: Waiting for trigger...
[corgi_leg_odom-1] [INFO] [1784196934.672625695] [corgi_leg_odom]: Waiting for trigger...
[corgi_leg_odom-1] [INFO] [1784196935.240365191] [corgi_leg_odom]: Waiting for trigger...
[corgi_leg_odom-1] [INFO] [1784196935.797364274] [corgi_leg_odom]: Waiting for trigger...
[corgi_leg_odom-1] [INFO] [1784196936.374054125] [corgi_leg_odom]: Waiting for trigger...
[corgi_leg_odom-1] [INFO] [1784196936.923551240] [corgi_leg_odom]: Waiting for trigger...
[corgi_leg_odom-1] [INFO] [1784196937.464046726] [corgi_leg_odom]: Waiting for trigger...
[corgi_leg_odom-1] [INFO] [1784196938.022584825] [corgi_leg_odom]: Waiting for trigger...
[corgi_leg_odom-1] [INFO] [1784196938.591581350] [corgi_leg_odom]: Waiting for trigger...
[corgi_leg_odom-1] [INFO] [1784196939.133872918] [corgi_leg_odom]: Waiting for trigger...
[corgi_leg_odom-1] [INFO] [1784196939.684648286] [corgi_leg_odom]: Waiting for trigger...
[corgi_leg_odom-1] [INFO] [1784196940.231181622] [corgi_leg_odom]: Waiting for trigger...
[corgi_leg_odom-1] [INFO] [1784196940.747699023] [corgi_leg_odom]: Waiting for trigger...
[corgi_leg_odom-1] [INFO] [1784196941.267114822] [corgi_leg_odom]: Waiting for trigger...
[corgi_leg_odom-1] [INFO] [1784196941.788627421] [corgi_leg_odom]: Waiting for trigger...
[corgi_leg_odom-1] [INFO] [1784196942.321668609] [corgi_leg_odom]: Waiting for trigger...
[corgi_leg_odom-1] [INFO] [1784196946.331847353] [corgi_leg_odom]: Waiting for trigger...
[corgi_leg_odom-1] [INFO] [1784196946.926328978] [corgi_leg_odom]: Waiting for trigger...
[corgi_leg_odom-1] [INFO] [1784196947.453707041] [corgi_leg_odom]: Waiting for trigger...
[corgi_leg_odom-1] [INFO] [1784196947.988730865] [corgi_leg_odom]: Waiting for trigger...
[corgi_leg_odom-1] [INFO] [1784196948.570209730] [corgi_leg_odom]: Waiting for trigger...
[corgi_leg_odom-1] [INFO] [1784196949.169572596] [corgi_leg_odom]: Waiting for trigger...
[corgi_leg_odom-1] [INFO] [1784196949.706541206] [corgi_leg_odom]: Waiting for trigger...
[corgi_leg_odom-1] [INFO] [1784196950.219549482] [corgi_leg_odom]: Waiting for trigger...
[corgi_leg_odom-1] [INFO] [1784196950.758121686] [corgi_leg_odom]: Waiting for trigger...
[corgi_leg_odom-1] [INFO] [1784196951.284599582] [corgi_leg_odom]: Waiting for trigger...
[corgi_leg_odom-1] [INFO] [1784196951.815578247] [corgi_leg_odom]: Waiting for trigger...
[corgi_leg_odom-1] [INFO] [1784196952.327590819] [corgi_leg_odom]: Waiting for trigger...
[corgi_leg_odom-1] [INFO] [1784196952.848754506] [corgi_leg_odom]: Waiting for trigger...
[corgi_leg_odom-1] [INFO] [1784196953.367762478] [corgi_leg_odom]: Waiting for trigger...
[corgi_leg_odom-1] [INFO] [1784196953.902965261] [corgi_leg_odom]: Waiting for trigger...
[corgi_leg_odom-1] [INFO] [1784196954.495964837] [corgi_leg_odom]: Waiting for trigger...
[corgi_leg_odom-1] [INFO] [1784196955.035545837] [corgi_leg_odom]: Waiting for trigger...
[corgi_leg_odom-1] [INFO] [1784196955.606094861] [corgi_leg_odom]: Waiting for trigger...
[corgi_leg_odom-1] [INFO] [1784196956.159527034] [corgi_leg_odom]: Waiting for trigger...
[corgi_leg_odom-1] [INFO] [1784196956.719591237] [corgi_leg_odom]: Waiting for trigger...
[corgi_leg_odom-1] [INFO] [1784196957.305525637] [corgi_leg_odom]: Waiting for trigger...
[corgi_leg_odom-1] [INFO] [1784196957.829184207] [corgi_leg_odom]: Waiting for trigger...
[corgi_leg_odom-1] [INFO] [1784196958.394387264] [corgi_leg_odom]: Waiting for trigger...
[corgi_leg_odom-1] [INFO] [1784196958.965558370] [corgi_leg_odom]: Waiting for trigger...
[corgi_leg_odom-1] [INFO] [1784196959.520055022] [corgi_leg_odom]: Waiting for trigger...
[corgi_leg_odom-1] [INFO] [1784196960.048606960] [corgi_leg_odom]: Waiting for trigger...
[corgi_leg_odom-1] [INFO] [1784196960.578650568] [corgi_leg_odom]: Waiting for trigger...
[corgi_leg_odom-1] [INFO] [1784196961.140984406] [corgi_leg_odom]: Waiting for trigger...
[corgi_leg_odom-1] [INFO] [1784196961.702437466] [corgi_leg_odom]: Waiting for trigger...
[corgi_leg_odom-1] [INFO] [1784196962.243885213] [corgi_leg_odom]: Waiting for trigger...
[corgi_leg_odom-1] [INFO] [1784196962.803076018] [corgi_leg_odom]: Waiting for trigger...
[corgi_leg_odom-1] [INFO] [1784196963.401077238] [corgi_leg_odom]: Waiting for trigger...
[corgi_leg_odom-1] [INFO] [1784196963.980781846] [corgi_leg_odom]: Waiting for trigger...
[corgi_leg_odom-1] [INFO] [1784196964.555560918] [corgi_leg_odom]: Waiting for trigger...
[corgi_leg_odom-1] [INFO] [1784196965.146280742] [corgi_leg_odom]: Waiting for trigger...
[corgi_leg_odom-1] [INFO] [1784196965.690892938] [corgi_leg_odom]: Waiting for trigger...
[corgi_leg_odom-1] [INFO] [1784196966.220404495] [corgi_leg_odom]: Waiting for trigger...
[WARNING] [launch]: user interrupted with ctrl-c (SIGINT)
[INFO] [corgi_fusion_node-2]: sending signal 'SIGINT' to process[corgi_fusion_node-2]
[INFO] [corgi_leg_odom-1]: sending signal 'SIGINT' to process[corgi_leg_odom-1]
[corgi_leg_odom-1] [INFO] [1784196969.580964225] [corgi_leg_odom]: Interrupt received, shutting down...
[corgi_fusion_node-2] [INFO] [1784196969.581016740] [rclcpp]: signal_handler(SIGINT/SIGTERM)
[ERROR] [corgi_fusion_node-2]: process has died [pid 2118930, exit code -2, cmd '/home/hiho817/corgi_ws/corgi_ros2_ws/install/corgi_odometry/lib/corgi_odometry/corgi_fusion_node --ros-args -r __node:=corgi_fusion_node --params-file /tmp/launch_params_5awhr391'].
[ERROR] [corgi_leg_odom-1]: process has died [pid 2118928, exit code -2, cmd '/home/hiho817/corgi_ws/corgi_ros2_ws/install/corgi_odometry/lib/corgi_odometry/corgi_leg_odom --ros-args -r __node:=corgi_leg_odom --params-file /tmp/launch_params_rqfyfwu1 -r /imu:=/imu_raw'].
