[INFO] [launch]: All log files can be found below /tmp/codex_ros_logs/2026-07-16-18-24-16-868066-HIHO817-TUF-JAMMY-2124015
[INFO] [launch]: Default logging verbosity is set to INFO
[INFO] [corgi_leg_odom-1]: process started with pid [2124034]
[INFO] [corgi_fusion_node-2]: process started with pid [2124036]
[corgi_fusion_node-2] [INFO] [1784197456.927199466] [corgi_fusion_node]: FusionNode: loaded config/fusion/config_fusion.yaml
[corgi_leg_odom-1] [WARN] [1784197456.928936823] [leg_odometry]: config has use_esekf_state=false but it is ignored in the online node — always running with ESEKF state
[corgi_fusion_node-2] [INFO] [1784197456.932071521] [corgi_fusion_node]: FusionNode started. map_frame=map, odom_frame=odom
[corgi_leg_odom-1] [INFO] [1784197456.934740358] [corgi_leg_odom]: Leg Odometry Node Started (event-driven, driven by motor_state, mode=LEG_ESEKF)
[corgi_leg_odom-1] [INFO] [1784197456.934793130] [corgi_leg_odom]: Waiting for simulation clock...
[corgi_leg_odom-1] [WARN] [1784197457.937425023] [corgi_leg_odom]: Waiting for data... Motor: 1, IMU: 0
[corgi_leg_odom-1] [INFO] [1784197457.937523514] [corgi_leg_odom]: Clock synced! Sim Time: 1779952252.73
[corgi_leg_odom-1] [INFO] [1784197459.082350683] [corgi_leg_odom]: Waiting for trigger...
[corgi_leg_odom-1] [INFO] [1784197460.156528021] [corgi_leg_odom]: Waiting for trigger...
[corgi_leg_odom-1] [INFO] [1784197461.214468926] [corgi_leg_odom]: Waiting for trigger...
[corgi_leg_odom-1] ============================================================
[corgi_leg_odom-1] Discrete-Time Disturbance Observer
[corgi_leg_odom-1] ============================================================
[corgi_leg_odom-1] Sampling Time: 1 ms
[corgi_leg_odom-1] Cutoff frequency: 15 Hz
[corgi_leg_odom-1] γ (Z-domain Pole): 0.910057
[corgi_leg_odom-1] β: 98.83
[corgi_leg_odom-1] ============================================================
[corgi_leg_odom-1] [INFO] [1784197462.080430875] [corgi_leg_odom]: Waiting for trigger...
[corgi_fusion_node-2] [INFO] [1784197463.332658795] [corgi_fusion_node]: FusionNode: trigger enabled — starting fusion
[corgi_leg_odom-1] [INFO] [1784197463.338902085] [corgi_leg_odom]: ES-EKF static init: N=200 samples (200 ms), ba=[-0.0000, -0.0001, -0.0080] m/s², bw=[0.00007, 0.00015, 0.00004] rad/s
[corgi_leg_odom-1] [INFO] [1784197463.338943385] [corgi_leg_odom]: ES-EKF initialized (500 Hz, nominal dt=0.0020 s, initial_z=0.200 m)
[corgi_fusion_node-2] [INFO] [1784197463.360564131] [corgi_fusion_node]: FusionNode: T_{odom←camera_init} set: t=[0.113 -0.028 0.375] q=[0.6963 0.1252 0.1182 0.6968]
[corgi_fusion_node-2] [INFO] [1784197463.360674544] [corgi_fusion_node]: OuterEKF initialised: map frame aligned with odom frame (p_mo=0, q_mo=I)
[corgi_fusion_node-2] [INFO] [1784197481.884290462] [corgi_fusion_node]: FusionNode: trigger disabled — pausing fusion
[WARNING] [launch]: user interrupted with ctrl-c (SIGINT)
[INFO] [corgi_fusion_node-2]: sending signal 'SIGINT' to process[corgi_fusion_node-2]
[INFO] [corgi_leg_odom-1]: sending signal 'SIGINT' to process[corgi_leg_odom-1]
[corgi_leg_odom-1] [INFO] [1784197487.466820901] [corgi_leg_odom]: Interrupt received, shutting down...
[corgi_fusion_node-2] [INFO] [1784197487.466873743] [rclcpp]: signal_handler(SIGINT/SIGTERM)
[corgi_fusion_node-2] [INFO] [1784197487.469083157] [rclcpp]: signal_handler(SIGINT/SIGTERM)
[ERROR] [corgi_leg_odom-1]: process has died [pid 2124034, exit code -2, cmd '/home/hiho817/corgi_ws/corgi_ros2_ws/install/corgi_odometry/lib/corgi_odometry/corgi_leg_odom --ros-args -r __node:=corgi_leg_odom --params-file /tmp/launch_params_wkd0aqi3 -r /imu:=/imu_raw'].
[INFO] [corgi_fusion_node-2]: process has finished cleanly [pid 2124036]
