[INFO] [launch]: All log files can be found below /tmp/codex_ros_logs/2026-07-16-18-19-44-196193-HIHO817-TUF-JAMMY-2121540
[INFO] [launch]: Default logging verbosity is set to INFO
[INFO] [corgi_leg_odom-1]: process started with pid [2121559]
[INFO] [corgi_fusion_node-2]: process started with pid [2121561]
[corgi_fusion_node-2] [INFO] [1784197184.256332650] [corgi_fusion_node]: FusionNode: loaded config/fusion/config_fusion.yaml
[corgi_leg_odom-1] [WARN] [1784197184.258051423] [leg_odometry]: config has use_esekf_state=false but it is ignored in the online node — always running with ESEKF state
[corgi_fusion_node-2] [INFO] [1784197184.261191967] [corgi_fusion_node]: FusionNode started. map_frame=map, odom_frame=odom
[corgi_leg_odom-1] [INFO] [1784197184.263684289] [corgi_leg_odom]: Leg Odometry Node Started (event-driven, driven by motor_state, mode=LEG_ESEKF)
[corgi_leg_odom-1] [INFO] [1784197184.263733506] [corgi_leg_odom]: Waiting for simulation clock...
[corgi_leg_odom-1] ============================================================
[corgi_leg_odom-1] Discrete-Time Disturbance Observer
[corgi_leg_odom-1] ============================================================
[corgi_leg_odom-1] Sampling Time: 1 ms
[corgi_leg_odom-1] Cutoff frequency: 15 Hz
[corgi_leg_odom-1] γ (Z-domain Pole): 0.910057
[corgi_leg_odom-1] β: 98.83
[corgi_leg_odom-1] ============================================================
[corgi_leg_odom-1] [INFO] [1784197189.676432270] [corgi_leg_odom]: Clock synced! Sim Time: 1783498163.29
[corgi_leg_odom-1] [INFO] [1784197189.992836508] [corgi_leg_odom]: Waiting for trigger...
[corgi_leg_odom-1] [INFO] [1784197190.511295739] [corgi_leg_odom]: Waiting for trigger...
[corgi_leg_odom-1] [INFO] [1784197191.061456614] [corgi_leg_odom]: Waiting for trigger...
[corgi_leg_odom-1] [INFO] [1784197191.627152424] [corgi_leg_odom]: Waiting for trigger...
[corgi_leg_odom-1] [INFO] [1784197192.153728452] [corgi_leg_odom]: Waiting for trigger...
[corgi_leg_odom-1] [INFO] [1784197192.683474875] [corgi_leg_odom]: Waiting for trigger...
[corgi_leg_odom-1] [INFO] [1784197193.237380044] [corgi_leg_odom]: Waiting for trigger...
[corgi_leg_odom-1] [INFO] [1784197193.785341289] [corgi_leg_odom]: Waiting for trigger...
[corgi_leg_odom-1] [INFO] [1784197194.337894153] [corgi_leg_odom]: Waiting for trigger...
[corgi_leg_odom-1] [INFO] [1784197194.907913051] [corgi_leg_odom]: Waiting for trigger...
[corgi_fusion_node-2] [INFO] [1784197195.380076306] [corgi_fusion_node]: FusionNode: trigger enabled — starting fusion
[corgi_leg_odom-1] [INFO] [1784197195.381118700] [corgi_leg_odom]: ES-EKF static init: N=200 samples (200 ms), ba=[0.0000, -0.0001, -0.0178] m/s², bw=[-0.00003, 0.00022, -0.00014] rad/s
[corgi_leg_odom-1] [INFO] [1784197195.381158959] [corgi_leg_odom]: ES-EKF initialized (500 Hz, nominal dt=0.0020 s, initial_z=0.200 m)
[corgi_fusion_node-2] [INFO] [1784197195.405783621] [corgi_fusion_node]: FusionNode: T_{odom←camera_init} set: t=[0.113 -0.033 0.377] q=[0.6965 0.1260 0.1218 0.6959]
[corgi_fusion_node-2] [INFO] [1784197195.405843919] [corgi_fusion_node]: OuterEKF initialised: map frame aligned with odom frame (p_mo=0, q_mo=I)
[corgi_fusion_node-2] [INFO] [1784197212.123286821] [corgi_fusion_node]: FusionNode: trigger disabled — pausing fusion
[corgi_leg_odom-1] [INFO] [1784197212.544752556] [corgi_leg_odom]: Waiting for trigger...
[corgi_leg_odom-1] [INFO] [1784197213.068382749] [corgi_leg_odom]: Waiting for trigger...
[corgi_leg_odom-1] [INFO] [1784197213.608888262] [corgi_leg_odom]: Waiting for trigger...
[corgi_leg_odom-1] [INFO] [1784197214.198320528] [corgi_leg_odom]: Waiting for trigger...
[corgi_leg_odom-1] [INFO] [1784197214.766336838] [corgi_leg_odom]: Waiting for trigger...
[corgi_leg_odom-1] [INFO] [1784197215.331862344] [corgi_leg_odom]: Waiting for trigger...
[corgi_leg_odom-1] [INFO] [1784197215.900656190] [corgi_leg_odom]: Waiting for trigger...
[corgi_leg_odom-1] [INFO] [1784197216.463789938] [corgi_leg_odom]: Waiting for trigger...
[corgi_leg_odom-1] [INFO] [1784197217.028303261] [corgi_leg_odom]: Waiting for trigger...
[corgi_leg_odom-1] [INFO] [1784197217.585097637] [corgi_leg_odom]: Waiting for trigger...
[corgi_leg_odom-1] [INFO] [1784197218.167615970] [corgi_leg_odom]: Waiting for trigger...
[WARNING] [launch]: user interrupted with ctrl-c (SIGINT)
[corgi_leg_odom-1] [INFO] [1784197221.712092983] [corgi_leg_odom]: Interrupt received, shutting down...
[INFO] [corgi_fusion_node-2]: sending signal 'SIGINT' to process[corgi_fusion_node-2]
[INFO] [corgi_leg_odom-1]: sending signal 'SIGINT' to process[corgi_leg_odom-1]
[corgi_fusion_node-2] [INFO] [1784197221.712201846] [rclcpp]: signal_handler(SIGINT/SIGTERM)
[ERROR] [corgi_fusion_node-2]: process has died [pid 2121561, exit code -2, cmd '/home/hiho817/corgi_ws/corgi_ros2_ws/install/corgi_odometry/lib/corgi_odometry/corgi_fusion_node --ros-args -r __node:=corgi_fusion_node --params-file /tmp/launch_params_vcx0zzfo'].
[ERROR] [corgi_leg_odom-1]: process has died [pid 2121559, exit code -2, cmd '/home/hiho817/corgi_ws/corgi_ros2_ws/install/corgi_odometry/lib/corgi_odometry/corgi_leg_odom --ros-args -r __node:=corgi_leg_odom --params-file /tmp/launch_params_xal5izjq -r /imu:=/imu_raw'].
