[INFO] [launch]: All log files can be found below /tmp/codex_ros_logs/2026-07-16-18-19-07-901706-HIHO817-TUF-JAMMY-2121256
[INFO] [launch]: Default logging verbosity is set to INFO
[INFO] [corgi_leg_odom-1]: process started with pid [2121275]
[INFO] [corgi_fusion_node-2]: process started with pid [2121277]
[corgi_fusion_node-2] [INFO] [1784197147.979000132] [corgi_fusion_node]: FusionNode: loaded config/fusion/config_fusion.yaml
[corgi_leg_odom-1] [WARN] [1784197147.980157139] [leg_odometry]: config has use_esekf_state=false but it is ignored in the online node — always running with ESEKF state
[corgi_fusion_node-2] [INFO] [1784197147.984199645] [corgi_fusion_node]: FusionNode started. map_frame=map, odom_frame=odom
[corgi_leg_odom-1] [INFO] [1784197147.985628357] [corgi_leg_odom]: Leg Odometry Node Started (event-driven, driven by motor_state)
[corgi_leg_odom-1] [INFO] [1784197147.985687143] [corgi_leg_odom]: Waiting for simulation clock...
[corgi_leg_odom-1] [INFO] [1784197152.897876860] [corgi_leg_odom]: Clock synced! Sim Time: 1783499817.11
[corgi_leg_odom-1] [WARN] [1784197152.949714447] [corgi_leg_odom]: Waiting for data... Motor: 1, IMU: 0
[corgi_leg_odom-1] ============================================================
[corgi_leg_odom-1] Discrete-Time Disturbance Observer
[corgi_leg_odom-1] ============================================================
[corgi_leg_odom-1] Sampling Time: 1 ms
[corgi_leg_odom-1] Cutoff frequency: 15 Hz
[corgi_leg_odom-1] γ (Z-domain Pole): 0.910057
[corgi_leg_odom-1] β: 98.83
[corgi_leg_odom-1] ============================================================
[corgi_leg_odom-1] [INFO] [1784197153.479146389] [corgi_leg_odom]: Waiting for trigger...
[corgi_leg_odom-1] [INFO] [1784197154.073986289] [corgi_leg_odom]: Waiting for trigger...
[corgi_leg_odom-1] [INFO] [1784197154.620683145] [corgi_leg_odom]: Waiting for trigger...
[corgi_leg_odom-1] [INFO] [1784197155.199959750] [corgi_leg_odom]: Waiting for trigger...
[corgi_leg_odom-1] [INFO] [1784197155.772272559] [corgi_leg_odom]: Waiting for trigger...
[corgi_leg_odom-1] [INFO] [1784197156.323214102] [corgi_leg_odom]: Waiting for trigger...
[corgi_leg_odom-1] [INFO] [1784197156.859592036] [corgi_leg_odom]: Waiting for trigger...
[corgi_leg_odom-1] [INFO] [1784197157.481881681] [corgi_leg_odom]: Waiting for trigger...
[corgi_leg_odom-1] [INFO] [1784197158.042010238] [corgi_leg_odom]: Waiting for trigger...
[corgi_leg_odom-1] [INFO] [1784197158.556062826] [corgi_leg_odom]: Waiting for trigger...
[corgi_leg_odom-1] [INFO] [1784197159.127587215] [corgi_leg_odom]: Waiting for trigger...
[corgi_fusion_node-2] [INFO] [1784197159.426704592] [corgi_fusion_node]: FusionNode: trigger enabled — starting fusion
[corgi_leg_odom-1] [INFO] [1784197159.428065799] [corgi_leg_odom]: ES-EKF static init: N=200 samples (200 ms), ba=[0.0001, -0.0001, -0.0135] m/s², bw=[0.00011, 0.00042, -0.00003] rad/s
[corgi_leg_odom-1] [INFO] [1784197159.428102891] [corgi_leg_odom]: ES-EKF initialized (500 Hz, nominal dt=0.0020 s, initial_z=0.200 m)
[corgi_fusion_node-2] [INFO] [1784197159.469972523] [corgi_fusion_node]: FusionNode: T_{odom←camera_init} set: t=[0.099 -0.037 0.367] q=[0.6957 0.1266 0.1214 0.6966]
[corgi_fusion_node-2] [INFO] [1784197159.470024335] [corgi_fusion_node]: OuterEKF initialised: map frame aligned with odom frame (p_mo=0, q_mo=I)
[corgi_fusion_node-2] [INFO] [1784197176.571358078] [corgi_fusion_node]: FusionNode: trigger disabled — pausing fusion
[corgi_leg_odom-1] [INFO] [1784197176.789575885] [corgi_leg_odom]: Waiting for trigger...
[corgi_leg_odom-1] [INFO] [1784197177.308982877] [corgi_leg_odom]: Waiting for trigger...
[corgi_leg_odom-1] [INFO] [1784197177.835717619] [corgi_leg_odom]: Waiting for trigger...
[corgi_leg_odom-1] [INFO] [1784197178.372827068] [corgi_leg_odom]: Waiting for trigger...
[corgi_leg_odom-1] [INFO] [1784197178.900234754] [corgi_leg_odom]: Waiting for trigger...
[WARNING] [launch]: user interrupted with ctrl-c (SIGINT)
[INFO] [corgi_fusion_node-2]: sending signal 'SIGINT' to process[corgi_fusion_node-2]
[INFO] [corgi_leg_odom-1]: sending signal 'SIGINT' to process[corgi_leg_odom-1]
[corgi_leg_odom-1] [INFO] [1784197182.610320681] [corgi_leg_odom]: Interrupt received, shutting down...
[corgi_fusion_node-2] [INFO] [1784197182.610413443] [rclcpp]: signal_handler(SIGINT/SIGTERM)
[ERROR] [corgi_fusion_node-2]: process has died [pid 2121277, exit code -2, cmd '/home/hiho817/corgi_ws/corgi_ros2_ws/install/corgi_odometry/lib/corgi_odometry/corgi_fusion_node --ros-args -r __node:=corgi_fusion_node --params-file /tmp/launch_params_ge9kxn4x'].
[ERROR] [corgi_leg_odom-1]: process has died [pid 2121275, exit code -2, cmd '/home/hiho817/corgi_ws/corgi_ros2_ws/install/corgi_odometry/lib/corgi_odometry/corgi_leg_odom --ros-args -r __node:=corgi_leg_odom --params-file /tmp/launch_params_tztd896c -r /imu:=/imu_raw'].
