[INFO] [launch]: All log files can be found below /tmp/codex_ros_logs/2026-07-16-18-16-33-663884-HIHO817-TUF-JAMMY-2119702
[INFO] [launch]: Default logging verbosity is set to INFO
[INFO] [corgi_leg_odom-1]: process started with pid [2119724]
[INFO] [corgi_fusion_node-2]: process started with pid [2119726]
[corgi_fusion_node-2] [INFO] [1784196994.060440521] [corgi_fusion_node]: FusionNode: loaded config/fusion/config_fusion.yaml
[corgi_leg_odom-1] [WARN] [1784196994.061588302] [leg_odometry]: config has use_esekf_state=false but it is ignored in the online node — always running with ESEKF state
[corgi_fusion_node-2] [INFO] [1784196994.064099303] [corgi_fusion_node]: FusionNode started. map_frame=map, odom_frame=odom
[corgi_leg_odom-1] [INFO] [1784196994.066257601] [corgi_leg_odom]: Leg Odometry Node Started (event-driven, driven by motor_state)
[corgi_leg_odom-1] [INFO] [1784196994.066305827] [corgi_leg_odom]: Waiting for simulation clock...
[corgi_leg_odom-1] ============================================================
[corgi_leg_odom-1] Discrete-Time Disturbance Observer
[corgi_leg_odom-1] ============================================================
[corgi_leg_odom-1] Sampling Time: 1 ms
[corgi_leg_odom-1] Cutoff frequency: 15 Hz
[corgi_leg_odom-1] γ (Z-domain Pole): 0.910057
[corgi_leg_odom-1] β: 98.83
[corgi_leg_odom-1] ============================================================
[corgi_leg_odom-1] [INFO] [1784196999.081754244] [corgi_leg_odom]: Clock synced! Sim Time: 1783499557.84
[corgi_leg_odom-1] [INFO] [1784196999.476367237] [corgi_leg_odom]: Waiting for trigger...
[corgi_leg_odom-1] [INFO] [1784197000.035116193] [corgi_leg_odom]: Waiting for trigger...
[corgi_leg_odom-1] [INFO] [1784197000.598956245] [corgi_leg_odom]: Waiting for trigger...
[corgi_leg_odom-1] [INFO] [1784197001.186641147] [corgi_leg_odom]: Waiting for trigger...
[corgi_leg_odom-1] [INFO] [1784197001.755109624] [corgi_leg_odom]: Waiting for trigger...
[corgi_leg_odom-1] [INFO] [1784197002.305866074] [corgi_leg_odom]: Waiting for trigger...
[corgi_leg_odom-1] [INFO] [1784197002.856745428] [corgi_leg_odom]: Waiting for trigger...
[corgi_leg_odom-1] [INFO] [1784197003.398122031] [corgi_leg_odom]: Waiting for trigger...
[corgi_leg_odom-1] [INFO] [1784197003.925654130] [corgi_leg_odom]: Waiting for trigger...
[corgi_fusion_node-2] [INFO] [1784197004.376030259] [corgi_fusion_node]: FusionNode: trigger enabled — starting fusion
[corgi_leg_odom-1] [INFO] [1784197004.377132907] [corgi_leg_odom]: ES-EKF static init: N=200 samples (200 ms), ba=[0.0001, -0.0001, -0.0116] m/s², bw=[0.00037, 0.00043, 0.00005] rad/s
[corgi_leg_odom-1] [INFO] [1784197004.377183328] [corgi_leg_odom]: ES-EKF initialized (500 Hz, nominal dt=0.0020 s, initial_z=0.200 m)
[corgi_fusion_node-2] [INFO] [1784197004.400327280] [corgi_fusion_node]: FusionNode: T_{odom←camera_init} set: t=[0.087 -0.049 0.384] q=[0.6972 0.1281 0.1224 0.6947]
[corgi_fusion_node-2] [INFO] [1784197004.400367721] [corgi_fusion_node]: OuterEKF initialised: map frame aligned with odom frame (p_mo=0, q_mo=I)
[corgi_fusion_node-2] [INFO] [1784197005.547455961] [corgi_fusion_node]: FusionNode: trigger disabled — pausing fusion
[corgi_leg_odom-1] [INFO] [1784197005.637084297] [corgi_leg_odom]: Waiting for trigger...
[corgi_leg_odom-1] [INFO] [1784197006.232353217] [corgi_leg_odom]: Waiting for trigger...
[corgi_leg_odom-1] [INFO] [1784197006.792783840] [corgi_leg_odom]: Waiting for trigger...
[corgi_leg_odom-1] [INFO] [1784197007.346726058] [corgi_leg_odom]: Waiting for trigger...
[corgi_leg_odom-1] [INFO] [1784197007.908327430] [corgi_leg_odom]: Waiting for trigger...
[corgi_leg_odom-1] [INFO] [1784197008.481507763] [corgi_leg_odom]: Waiting for trigger...
[corgi_leg_odom-1] [INFO] [1784197009.013274561] [corgi_leg_odom]: Waiting for trigger...
[corgi_fusion_node-2] [INFO] [1784197009.247670152] [corgi_fusion_node]: FusionNode: trigger enabled — starting fusion
[corgi_leg_odom-1] [INFO] [1784197009.248686467] [corgi_leg_odom]: ES-EKF static init: N=200 samples (200 ms), ba=[0.0005, 0.0004, -0.0124] m/s², bw=[0.00029, 0.00047, -0.00017] rad/s
[corgi_leg_odom-1] [INFO] [1784197009.248718340] [corgi_leg_odom]: ES-EKF initialized (500 Hz, nominal dt=0.0020 s, initial_z=0.200 m)
[corgi_fusion_node-2] [INFO] [1784197009.260291172] [corgi_fusion_node]: FusionNode: T_{odom←camera_init} set: t=[0.059 -0.062 0.389] q=[0.6991 0.1287 0.1206 0.6929]
[corgi_fusion_node-2] [INFO] [1784197009.260342143] [corgi_fusion_node]: OuterEKF initialised: map frame aligned with odom frame (p_mo=0, q_mo=I)
[corgi_fusion_node-2] [INFO] [1784197032.129181007] [corgi_fusion_node]: FusionNode: trigger disabled — pausing fusion
[corgi_leg_odom-1] [INFO] [1784197032.327059499] [corgi_leg_odom]: Waiting for trigger...
[corgi_leg_odom-1] [INFO] [1784197032.908711649] [corgi_leg_odom]: Waiting for trigger...
[corgi_leg_odom-1] [INFO] [1784197033.468246116] [corgi_leg_odom]: Waiting for trigger...
[corgi_leg_odom-1] [INFO] [1784197034.004941120] [corgi_leg_odom]: Waiting for trigger...
[corgi_leg_odom-1] [INFO] [1784197034.610527662] [corgi_leg_odom]: Waiting for trigger...
[corgi_leg_odom-1] [INFO] [1784197035.199335373] [corgi_leg_odom]: Waiting for trigger...
[corgi_leg_odom-1] [INFO] [1784197035.766778765] [corgi_leg_odom]: Waiting for trigger...
[corgi_leg_odom-1] [INFO] [1784197036.336822131] [corgi_leg_odom]: Waiting for trigger...
[WARNING] [launch]: user interrupted with ctrl-c (SIGINT)
[INFO] [corgi_fusion_node-2]: sending signal 'SIGINT' to process[corgi_fusion_node-2]
[INFO] [corgi_leg_odom-1]: sending signal 'SIGINT' to process[corgi_leg_odom-1]
[corgi_leg_odom-1] [INFO] [1784197041.376350016] [corgi_leg_odom]: Interrupt received, shutting down...
[corgi_fusion_node-2] [INFO] [1784197041.376409164] [rclcpp]: signal_handler(SIGINT/SIGTERM)
[ERROR] [corgi_fusion_node-2]: process has died [pid 2119726, exit code -2, cmd '/home/hiho817/corgi_ws/corgi_ros2_ws/install/corgi_odometry/lib/corgi_odometry/corgi_fusion_node --ros-args -r __node:=corgi_fusion_node --params-file /tmp/launch_params_i8qczl8l'].
[ERROR] [corgi_leg_odom-1]: process has died [pid 2119724, exit code -2, cmd '/home/hiho817/corgi_ws/corgi_ros2_ws/install/corgi_odometry/lib/corgi_odometry/corgi_leg_odom --ros-args -r __node:=corgi_leg_odom --params-file /tmp/launch_params_aorl9ye6 -r /imu:=/imu_raw'].
