[INFO] [launch]: All log files can be found below /tmp/codex_ros_logs/2026-07-16-18-40-57-039196-HIHO817-TUF-JAMMY-2131755
[INFO] [launch]: Default logging verbosity is set to INFO
[INFO] [corgi_leg_odom-1]: process started with pid [2131774]
[INFO] [corgi_fusion_node-2]: process started with pid [2131776]
[corgi_fusion_node-2] [INFO] [1784198457.092934726] [corgi_fusion_node]: FusionNode: loaded config/fusion/config_fusion.yaml
[corgi_leg_odom-1] [WARN] [1784198457.094216224] [leg_odometry]: config has use_esekf_state=false but it is ignored in the online node — always running with ESEKF state
[corgi_fusion_node-2] [INFO] [1784198457.096253936] [corgi_fusion_node]: FusionNode started. map_frame=map, odom_frame=odom
[corgi_leg_odom-1] [INFO] [1784198457.098450018] [corgi_leg_odom]: Leg Odometry Node Started (event-driven, driven by motor_state, mode=LEG_ESEKF)
[corgi_leg_odom-1] [INFO] [1784198457.098491797] [corgi_leg_odom]: Waiting for simulation clock...
[corgi_leg_odom-1] ============================================================
[corgi_leg_odom-1] Discrete-Time Disturbance Observer
[corgi_leg_odom-1] ============================================================
[corgi_leg_odom-1] Sampling Time: 1 ms
[corgi_leg_odom-1] Cutoff frequency: 15 Hz
[corgi_leg_odom-1] γ (Z-domain Pole): 0.910057
[corgi_leg_odom-1] β: 98.83
[corgi_leg_odom-1] ============================================================
[corgi_leg_odom-1] [INFO] [1784198462.412979539] [corgi_leg_odom]: Clock synced! Sim Time: 1783499946.10
[corgi_leg_odom-1] [WARN] [1784198462.494014263] [corgi_leg_odom]: Waiting for data... Motor: 1, IMU: 0
[corgi_leg_odom-1] [INFO] [1784198463.034555687] [corgi_leg_odom]: Waiting for trigger...
[corgi_leg_odom-1] [INFO] [1784198463.604230218] [corgi_leg_odom]: Waiting for trigger...
[corgi_leg_odom-1] [INFO] [1784198464.180629240] [corgi_leg_odom]: Waiting for trigger...
[corgi_leg_odom-1] [INFO] [1784198464.734183844] [corgi_leg_odom]: Waiting for trigger...
[corgi_fusion_node-2] [INFO] [1784198464.998977896] [corgi_fusion_node]: FusionNode: trigger enabled — starting fusion
[corgi_leg_odom-1] [INFO] [1784198464.999702990] [corgi_leg_odom]: ES-EKF static init: N=200 samples (200 ms), ba=[-0.0001, -0.0001, -0.0139] m/s², bw=[0.00003, 0.00043, 0.00028] rad/s
[corgi_leg_odom-1] [INFO] [1784198464.999737004] [corgi_leg_odom]: ES-EKF initialized (500 Hz, nominal dt=0.0020 s, initial_z=0.200 m)
[corgi_fusion_node-2] [INFO] [1784198465.013715706] [corgi_fusion_node]: FusionNode: T_{odom←camera_init} set: t=[0.102 -0.032 0.375] q=[0.6972 0.1229 0.1171 0.6965]
[corgi_fusion_node-2] [INFO] [1784198465.013758888] [corgi_fusion_node]: OuterEKF initialised: map frame aligned with odom frame (p_mo=0, q_mo=I)
[corgi_fusion_node-2] [INFO] [1784198482.472942301] [corgi_fusion_node]: FusionNode: trigger disabled — pausing fusion
[corgi_leg_odom-1] [INFO] [1784198482.907826658] [corgi_leg_odom]: Waiting for trigger...
[corgi_leg_odom-1] [INFO] [1784198483.465298154] [corgi_leg_odom]: Waiting for trigger...
[WARNING] [launch]: user interrupted with ctrl-c (SIGINT)
[corgi_leg_odom-1] [INFO] [1784198487.195459258] [corgi_leg_odom]: Interrupt received, shutting down...
[INFO] [corgi_fusion_node-2]: sending signal 'SIGINT' to process[corgi_fusion_node-2]
[INFO] [corgi_leg_odom-1]: sending signal 'SIGINT' to process[corgi_leg_odom-1]
[corgi_fusion_node-2] [INFO] [1784198487.195525153] [rclcpp]: signal_handler(SIGINT/SIGTERM)
[ERROR] [corgi_fusion_node-2]: process has died [pid 2131776, exit code -2, cmd '/home/hiho817/corgi_ws/corgi_ros2_ws/install/corgi_odometry/lib/corgi_odometry/corgi_fusion_node --ros-args -r __node:=corgi_fusion_node --params-file /tmp/launch_params_k94u3k88'].
[ERROR] [corgi_leg_odom-1]: process has died [pid 2131774, exit code -2, cmd '/home/hiho817/corgi_ws/corgi_ros2_ws/install/corgi_odometry/lib/corgi_odometry/corgi_leg_odom --ros-args -r __node:=corgi_leg_odom --params-file /tmp/launch_params_fjetmb5i -r /imu:=/imu_raw'].
