[INFO] [launch]: All log files can be found below /tmp/codex_ros_logs/2026-07-16-18-37-29-657170-HIHO817-TUF-JAMMY-2130430
[INFO] [launch]: Default logging verbosity is set to INFO
[INFO] [corgi_leg_odom-1]: process started with pid [2130449]
[INFO] [corgi_fusion_node-2]: process started with pid [2130451]
[corgi_fusion_node-2] [INFO] [1784198249.711424237] [corgi_fusion_node]: FusionNode: loaded config/fusion/config_fusion.yaml
[corgi_leg_odom-1] [WARN] [1784198249.712705640] [leg_odometry]: config has use_esekf_state=false but it is ignored in the online node — always running with ESEKF state
[corgi_fusion_node-2] [INFO] [1784198249.714796369] [corgi_fusion_node]: FusionNode started. map_frame=map, odom_frame=odom
[corgi_leg_odom-1] [INFO] [1784198249.716761329] [corgi_leg_odom]: Leg Odometry Node Started (event-driven, driven by motor_state, mode=LEG_ESEKF)
[corgi_leg_odom-1] [INFO] [1784198249.716800052] [corgi_leg_odom]: Waiting for simulation clock...
[corgi_leg_odom-1] ============================================================
[corgi_leg_odom-1] Discrete-Time Disturbance Observer
[corgi_leg_odom-1] ============================================================
[corgi_leg_odom-1] Sampling Time: 1 ms
[corgi_leg_odom-1] Cutoff frequency: 15 Hz
[corgi_leg_odom-1] γ (Z-domain Pole): 0.910057
[corgi_leg_odom-1] β: 98.83
[corgi_leg_odom-1] ============================================================
[corgi_leg_odom-1] [INFO] [1784198255.029781474] [corgi_leg_odom]: Clock synced! Sim Time: 1783499651.01
[corgi_leg_odom-1] [INFO] [1784198255.107125297] [corgi_leg_odom]: Waiting for trigger...
[corgi_leg_odom-1] [INFO] [1784198255.750150335] [corgi_leg_odom]: Waiting for trigger...
[corgi_leg_odom-1] [INFO] [1784198256.295454717] [corgi_leg_odom]: Waiting for trigger...
[corgi_leg_odom-1] [INFO] [1784198256.847660484] [corgi_leg_odom]: Waiting for trigger...
[corgi_leg_odom-1] [INFO] [1784198257.401237958] [corgi_leg_odom]: Waiting for trigger...
[corgi_fusion_node-2] [INFO] [1784198257.886388805] [corgi_fusion_node]: FusionNode: trigger enabled — starting fusion
[corgi_leg_odom-1] [INFO] [1784198257.887428910] [corgi_leg_odom]: ES-EKF static init: N=200 samples (200 ms), ba=[0.0001, -0.0002, -0.0172] m/s², bw=[0.00011, 0.00026, 0.00004] rad/s
[corgi_leg_odom-1] [INFO] [1784198257.887476289] [corgi_leg_odom]: ES-EKF initialized (500 Hz, nominal dt=0.0020 s, initial_z=0.200 m)
[corgi_fusion_node-2] [INFO] [1784198257.890042270] [corgi_fusion_node]: FusionNode: T_{odom←camera_init} set: t=[0.110 -0.036 0.372] q=[0.6959 0.1277 0.1224 0.6960]
[corgi_fusion_node-2] [INFO] [1784198257.890088448] [corgi_fusion_node]: OuterEKF initialised: map frame aligned with odom frame (p_mo=0, q_mo=I)
[corgi_fusion_node-2] [INFO] [1784198275.367454824] [corgi_fusion_node]: FusionNode: trigger disabled — pausing fusion
[corgi_leg_odom-1] [INFO] [1784198275.586158026] [corgi_leg_odom]: Waiting for trigger...
[corgi_leg_odom-1] [INFO] [1784198276.141165416] [corgi_leg_odom]: Waiting for trigger...
[corgi_leg_odom-1] [INFO] [1784198276.662098772] [corgi_leg_odom]: Waiting for trigger...
[corgi_leg_odom-1] [INFO] [1784198277.184735899] [corgi_leg_odom]: Waiting for trigger...
[corgi_leg_odom-1] [INFO] [1784198277.732486680] [corgi_leg_odom]: Waiting for trigger...
[corgi_leg_odom-1] [INFO] [1784198278.321277392] [corgi_leg_odom]: Waiting for trigger...
[corgi_leg_odom-1] [INFO] [1784198278.926100836] [corgi_leg_odom]: Waiting for trigger...
[corgi_leg_odom-1] [INFO] [1784198279.482947532] [corgi_leg_odom]: Waiting for trigger...
[corgi_leg_odom-1] [INFO] [1784198280.003582445] [corgi_leg_odom]: Waiting for trigger...
[corgi_leg_odom-1] [INFO] [1784198280.518571015] [corgi_leg_odom]: Waiting for trigger...
[corgi_leg_odom-1] [INFO] [1784198281.118061365] [corgi_leg_odom]: Waiting for trigger...
[corgi_leg_odom-1] [INFO] [1784198281.736570210] [corgi_leg_odom]: Waiting for trigger...
[corgi_leg_odom-1] [INFO] [1784198282.344175396] [corgi_leg_odom]: Waiting for trigger...
[corgi_leg_odom-1] [INFO] [1784198282.939639427] [corgi_leg_odom]: Waiting for trigger...
[corgi_leg_odom-1] [INFO] [1784198283.523021252] [corgi_leg_odom]: Waiting for trigger...
[corgi_leg_odom-1] [INFO] [1784198284.068439550] [corgi_leg_odom]: Waiting for trigger...
[corgi_leg_odom-1] [INFO] [1784198284.589380230] [corgi_leg_odom]: Waiting for trigger...
[corgi_leg_odom-1] [INFO] [1784198285.111713390] [corgi_leg_odom]: Waiting for trigger...
[corgi_leg_odom-1] [INFO] [1784198285.643378062] [corgi_leg_odom]: Waiting for trigger...
[corgi_leg_odom-1] [INFO] [1784198286.213521239] [corgi_leg_odom]: Waiting for trigger...
[corgi_leg_odom-1] [INFO] [1784198286.783511551] [corgi_leg_odom]: Waiting for trigger...
[corgi_leg_odom-1] [INFO] [1784198287.368118103] [corgi_leg_odom]: Waiting for trigger...
[corgi_leg_odom-1] [INFO] [1784198287.953009621] [corgi_leg_odom]: Waiting for trigger...
[corgi_leg_odom-1] [INFO] [1784198288.496824864] [corgi_leg_odom]: Waiting for trigger...
[corgi_leg_odom-1] [INFO] [1784198289.048586866] [corgi_leg_odom]: Waiting for trigger...
[corgi_leg_odom-1] [INFO] [1784198289.605621614] [corgi_leg_odom]: Waiting for trigger...
[corgi_leg_odom-1] [INFO] [1784198290.167645437] [corgi_leg_odom]: Waiting for trigger...
[corgi_leg_odom-1] [INFO] [1784198290.705162390] [corgi_leg_odom]: Waiting for trigger...
[corgi_leg_odom-1] [INFO] [1784198291.243675068] [corgi_leg_odom]: Waiting for trigger...
[corgi_leg_odom-1] [INFO] [1784198291.779014319] [corgi_leg_odom]: Waiting for trigger...
[corgi_leg_odom-1] [INFO] [1784198292.356205071] [corgi_leg_odom]: Waiting for trigger...
[corgi_leg_odom-1] [INFO] [1784198292.890055689] [corgi_leg_odom]: Waiting for trigger...
[corgi_leg_odom-1] [INFO] [1784198293.454286186] [corgi_leg_odom]: Waiting for trigger...
[corgi_leg_odom-1] [INFO] [1784198293.999986040] [corgi_leg_odom]: Waiting for trigger...
[corgi_leg_odom-1] [INFO] [1784198294.542799327] [corgi_leg_odom]: Waiting for trigger...
[corgi_leg_odom-1] [INFO] [1784198295.142513923] [corgi_leg_odom]: Waiting for trigger...
[corgi_leg_odom-1] [INFO] [1784198295.714140334] [corgi_leg_odom]: Waiting for trigger...
[corgi_leg_odom-1] [INFO] [1784198296.267451497] [corgi_leg_odom]: Waiting for trigger...
[corgi_leg_odom-1] [INFO] [1784198296.819742561] [corgi_leg_odom]: Waiting for trigger...
[corgi_leg_odom-1] [INFO] [1784198297.426641725] [corgi_leg_odom]: Waiting for trigger...
[corgi_leg_odom-1] [INFO] [1784198298.007229531] [corgi_leg_odom]: Waiting for trigger...
[corgi_leg_odom-1] [INFO] [1784198298.587072765] [corgi_leg_odom]: Waiting for trigger...
[corgi_leg_odom-1] [INFO] [1784198299.156830299] [corgi_leg_odom]: Waiting for trigger...
[corgi_leg_odom-1] [INFO] [1784198299.717131875] [corgi_leg_odom]: Waiting for trigger...
[corgi_leg_odom-1] [INFO] [1784198300.322830704] [corgi_leg_odom]: Waiting for trigger...
[corgi_leg_odom-1] [INFO] [1784198300.858611624] [corgi_leg_odom]: Waiting for trigger...
[corgi_leg_odom-1] [INFO] [1784198301.431904554] [corgi_leg_odom]: Waiting for trigger...
[corgi_leg_odom-1] [INFO] [1784198302.022917252] [corgi_leg_odom]: Waiting for trigger...
[corgi_leg_odom-1] [INFO] [1784198302.591048156] [corgi_leg_odom]: Waiting for trigger...
[corgi_leg_odom-1] [INFO] [1784198303.116644142] [corgi_leg_odom]: Waiting for trigger...
[corgi_leg_odom-1] [INFO] [1784198303.646727607] [corgi_leg_odom]: Waiting for trigger...
[corgi_leg_odom-1] [INFO] [1784198304.188953927] [corgi_leg_odom]: Waiting for trigger...
[corgi_leg_odom-1] [INFO] [1784198304.742179662] [corgi_leg_odom]: Waiting for trigger...
[corgi_leg_odom-1] [INFO] [1784198305.279166973] [corgi_leg_odom]: Waiting for trigger...
[corgi_leg_odom-1] [INFO] [1784198305.835223740] [corgi_leg_odom]: Waiting for trigger...
[corgi_leg_odom-1] [INFO] [1784198306.377638528] [corgi_leg_odom]: Waiting for trigger...
[corgi_leg_odom-1] [INFO] [1784198306.956156693] [corgi_leg_odom]: Waiting for trigger...
[corgi_leg_odom-1] [INFO] [1784198307.531674687] [corgi_leg_odom]: Waiting for trigger...
[corgi_leg_odom-1] [INFO] [1784198308.096860536] [corgi_leg_odom]: Waiting for trigger...
[corgi_leg_odom-1] [INFO] [1784198308.617865002] [corgi_leg_odom]: Waiting for trigger...
[corgi_leg_odom-1] [INFO] [1784198309.201639598] [corgi_leg_odom]: Waiting for trigger...
[corgi_leg_odom-1] [INFO] [1784198309.753867977] [corgi_leg_odom]: Waiting for trigger...
[corgi_leg_odom-1] [INFO] [1784198310.295149221] [corgi_leg_odom]: Waiting for trigger...
[corgi_leg_odom-1] [INFO] [1784198310.894647944] [corgi_leg_odom]: Waiting for trigger...
[corgi_leg_odom-1] [INFO] [1784198311.434082534] [corgi_leg_odom]: Waiting for trigger...
[corgi_leg_odom-1] [INFO] [1784198311.955377095] [corgi_leg_odom]: Waiting for trigger...
[corgi_leg_odom-1] [INFO] [1784198312.502935878] [corgi_leg_odom]: Waiting for trigger...
[corgi_leg_odom-1] [INFO] [1784198313.018181415] [corgi_leg_odom]: Waiting for trigger...
[corgi_leg_odom-1] [INFO] [1784198313.575440713] [corgi_leg_odom]: Waiting for trigger...
[corgi_leg_odom-1] [INFO] [1784198314.094257586] [corgi_leg_odom]: Waiting for trigger...
[corgi_leg_odom-1] [INFO] [1784198314.651212017] [corgi_leg_odom]: Waiting for trigger...
[corgi_leg_odom-1] [INFO] [1784198315.237159349] [corgi_leg_odom]: Waiting for trigger...
[corgi_leg_odom-1] [INFO] [1784198315.856144224] [corgi_leg_odom]: Waiting for trigger...
[corgi_leg_odom-1] [INFO] [1784198316.391569966] [corgi_leg_odom]: Waiting for trigger...
[corgi_leg_odom-1] [INFO] [1784198316.967139545] [corgi_leg_odom]: Waiting for trigger...
[corgi_leg_odom-1] [INFO] [1784198317.548951678] [corgi_leg_odom]: Waiting for trigger...
[corgi_leg_odom-1] [INFO] [1784198318.109255405] [corgi_leg_odom]: Waiting for trigger...
[corgi_leg_odom-1] [INFO] [1784198318.671066936] [corgi_leg_odom]: Waiting for trigger...
[corgi_leg_odom-1] [INFO] [1784198319.195566938] [corgi_leg_odom]: Waiting for trigger...
[corgi_leg_odom-1] [INFO] [1784198319.717140493] [corgi_leg_odom]: Waiting for trigger...
[corgi_leg_odom-1] [INFO] [1784198320.241090673] [corgi_leg_odom]: Waiting for trigger...
[corgi_leg_odom-1] [INFO] [1784198320.746662424] [corgi_leg_odom]: Waiting for trigger...
[corgi_leg_odom-1] [INFO] [1784198321.264110400] [corgi_leg_odom]: Waiting for trigger...
[corgi_leg_odom-1] [INFO] [1784198321.780604092] [corgi_leg_odom]: Waiting for trigger...
[corgi_leg_odom-1] [INFO] [1784198322.341360038] [corgi_leg_odom]: Waiting for trigger...
[corgi_leg_odom-1] [INFO] [1784198322.903332389] [corgi_leg_odom]: Waiting for trigger...
[corgi_leg_odom-1] [INFO] [1784198323.524336167] [corgi_leg_odom]: Waiting for trigger...
[corgi_leg_odom-1] [INFO] [1784198324.108345552] [corgi_leg_odom]: Waiting for trigger...
[corgi_leg_odom-1] [INFO] [1784198324.651373968] [corgi_leg_odom]: Waiting for trigger...
[corgi_leg_odom-1] [INFO] [1784198325.282671629] [corgi_leg_odom]: Waiting for trigger...
[corgi_leg_odom-1] [INFO] [1784198325.861050056] [corgi_leg_odom]: Waiting for trigger...
[corgi_leg_odom-1] [INFO] [1784198326.399686255] [corgi_leg_odom]: Waiting for trigger...
[corgi_leg_odom-1] [INFO] [1784198326.939373565] [corgi_leg_odom]: Waiting for trigger...
[corgi_leg_odom-1] [INFO] [1784198327.531271011] [corgi_leg_odom]: Waiting for trigger...
[corgi_leg_odom-1] [INFO] [1784198328.077607395] [corgi_leg_odom]: Waiting for trigger...
[corgi_leg_odom-1] [INFO] [1784198328.617027742] [corgi_leg_odom]: Waiting for trigger...
[corgi_leg_odom-1] [INFO] [1784198329.157015724] [corgi_leg_odom]: Waiting for trigger...
[corgi_leg_odom-1] [INFO] [1784198329.718118795] [corgi_leg_odom]: Waiting for trigger...
[corgi_leg_odom-1] [INFO] [1784198330.284572741] [corgi_leg_odom]: Waiting for trigger...
[WARNING] [launch]: user interrupted with ctrl-c (SIGINT)
[INFO] [corgi_fusion_node-2]: sending signal 'SIGINT' to process[corgi_fusion_node-2]
[INFO] [corgi_leg_odom-1]: sending signal 'SIGINT' to process[corgi_leg_odom-1]
[corgi_leg_odom-1] [INFO] [1784198333.705544760] [corgi_leg_odom]: Interrupt received, shutting down...
[corgi_fusion_node-2] [INFO] [1784198333.706207838] [rclcpp]: signal_handler(SIGINT/SIGTERM)
[ERROR] [corgi_fusion_node-2]: process has died [pid 2130451, exit code -2, cmd '/home/hiho817/corgi_ws/corgi_ros2_ws/install/corgi_odometry/lib/corgi_odometry/corgi_fusion_node --ros-args -r __node:=corgi_fusion_node --params-file /tmp/launch_params_59efwgg6'].
[ERROR] [corgi_leg_odom-1]: process has died [pid 2130449, exit code -2, cmd '/home/hiho817/corgi_ws/corgi_ros2_ws/install/corgi_odometry/lib/corgi_odometry/corgi_leg_odom --ros-args -r __node:=corgi_leg_odom --params-file /tmp/launch_params_f0h0mk_5 -r /imu:=/imu_raw'].
