[INFO] [launch]: All log files can be found below /tmp/codex_ros_logs/2026-07-16-18-35-38-147502-HIHO817-TUF-JAMMY-2129714
[INFO] [launch]: Default logging verbosity is set to INFO
[INFO] [corgi_leg_odom-1]: process started with pid [2129733]
[INFO] [corgi_fusion_node-2]: process started with pid [2129735]
[corgi_fusion_node-2] [INFO] [1784198138.201872786] [corgi_fusion_node]: FusionNode: loaded config/fusion/config_fusion.yaml
[corgi_leg_odom-1] [WARN] [1784198138.203194989] [leg_odometry]: config has use_esekf_state=false but it is ignored in the online node — always running with ESEKF state
[corgi_fusion_node-2] [INFO] [1784198138.205285292] [corgi_fusion_node]: FusionNode started. map_frame=map, odom_frame=odom
[corgi_leg_odom-1] [INFO] [1784198138.207317644] [corgi_leg_odom]: Leg Odometry Node Started (event-driven, driven by motor_state, mode=LEG_ESEKF)
[corgi_leg_odom-1] [INFO] [1784198138.207354945] [corgi_leg_odom]: Waiting for simulation clock...
[corgi_leg_odom-1] ============================================================
[corgi_leg_odom-1] Discrete-Time Disturbance Observer
[corgi_leg_odom-1] ============================================================
[corgi_leg_odom-1] Sampling Time: 1 ms
[corgi_leg_odom-1] Cutoff frequency: 15 Hz
[corgi_leg_odom-1] γ (Z-domain Pole): 0.910057
[corgi_leg_odom-1] β: 98.83
[corgi_leg_odom-1] ============================================================
[corgi_leg_odom-1] [INFO] [1784198143.219706713] [corgi_leg_odom]: Clock synced! Sim Time: 1783499557.84
[corgi_leg_odom-1] [INFO] [1784198143.629764487] [corgi_leg_odom]: Waiting for trigger...
[corgi_leg_odom-1] [INFO] [1784198144.190289385] [corgi_leg_odom]: Waiting for trigger...
[corgi_leg_odom-1] [INFO] [1784198144.750384197] [corgi_leg_odom]: Waiting for trigger...
[corgi_leg_odom-1] [INFO] [1784198145.339565667] [corgi_leg_odom]: Waiting for trigger...
[corgi_leg_odom-1] [INFO] [1784198145.909140233] [corgi_leg_odom]: Waiting for trigger...
[corgi_leg_odom-1] [INFO] [1784198146.459810984] [corgi_leg_odom]: Waiting for trigger...
[corgi_leg_odom-1] [INFO] [1784198147.010145002] [corgi_leg_odom]: Waiting for trigger...
[corgi_leg_odom-1] [INFO] [1784198147.552518021] [corgi_leg_odom]: Waiting for trigger...
[corgi_leg_odom-1] [INFO] [1784198148.080555155] [corgi_leg_odom]: Waiting for trigger...
[corgi_fusion_node-2] [INFO] [1784198148.529508517] [corgi_fusion_node]: FusionNode: trigger enabled — starting fusion
[corgi_leg_odom-1] [INFO] [1784198148.530440438] [corgi_leg_odom]: ES-EKF static init: N=200 samples (200 ms), ba=[0.0001, -0.0001, -0.0105] m/s², bw=[0.00039, 0.00041, 0.00005] rad/s
[corgi_leg_odom-1] [INFO] [1784198148.530472208] [corgi_leg_odom]: ES-EKF initialized (500 Hz, nominal dt=0.0020 s, initial_z=0.200 m)
[corgi_fusion_node-2] [INFO] [1784198148.553808093] [corgi_fusion_node]: FusionNode: T_{odom←camera_init} set: t=[0.087 -0.049 0.384] q=[0.6972 0.1281 0.1225 0.6947]
[corgi_fusion_node-2] [INFO] [1784198148.553871564] [corgi_fusion_node]: OuterEKF initialised: map frame aligned with odom frame (p_mo=0, q_mo=I)
[corgi_fusion_node-2] [INFO] [1784198149.700880810] [corgi_fusion_node]: FusionNode: trigger disabled — pausing fusion
[corgi_leg_odom-1] [INFO] [1784198149.786555676] [corgi_leg_odom]: Waiting for trigger...
[corgi_leg_odom-1] [INFO] [1784198150.384188761] [corgi_leg_odom]: Waiting for trigger...
[corgi_leg_odom-1] [INFO] [1784198150.944729688] [corgi_leg_odom]: Waiting for trigger...
[corgi_leg_odom-1] [INFO] [1784198151.498136247] [corgi_leg_odom]: Waiting for trigger...
[corgi_leg_odom-1] [INFO] [1784198152.058816034] [corgi_leg_odom]: Waiting for trigger...
[corgi_leg_odom-1] [INFO] [1784198152.631432281] [corgi_leg_odom]: Waiting for trigger...
[corgi_leg_odom-1] [INFO] [1784198153.161988443] [corgi_leg_odom]: Waiting for trigger...
[corgi_fusion_node-2] [INFO] [1784198153.401148381] [corgi_fusion_node]: FusionNode: trigger enabled — starting fusion
[corgi_leg_odom-1] [INFO] [1784198153.402272958] [corgi_leg_odom]: ES-EKF static init: N=200 samples (200 ms), ba=[0.0004, 0.0003, -0.0108] m/s², bw=[0.00029, 0.00048, -0.00015] rad/s
[corgi_leg_odom-1] [INFO] [1784198153.402328693] [corgi_leg_odom]: ES-EKF initialized (500 Hz, nominal dt=0.0020 s, initial_z=0.200 m)
[corgi_fusion_node-2] [INFO] [1784198153.413720700] [corgi_fusion_node]: FusionNode: T_{odom←camera_init} set: t=[0.059 -0.062 0.389] q=[0.6991 0.1288 0.1207 0.6929]
[corgi_fusion_node-2] [INFO] [1784198153.413775514] [corgi_fusion_node]: OuterEKF initialised: map frame aligned with odom frame (p_mo=0, q_mo=I)
[corgi_fusion_node-2] [INFO] [1784198176.282601036] [corgi_fusion_node]: FusionNode: trigger disabled — pausing fusion
[corgi_leg_odom-1] [INFO] [1784198176.388923968] [corgi_leg_odom]: Waiting for trigger...
[corgi_leg_odom-1] [INFO] [1784198176.963641596] [corgi_leg_odom]: Waiting for trigger...
[corgi_leg_odom-1] [INFO] [1784198177.532162442] [corgi_leg_odom]: Waiting for trigger...
[corgi_leg_odom-1] [INFO] [1784198178.068257638] [corgi_leg_odom]: Waiting for trigger...
[corgi_leg_odom-1] [INFO] [1784198178.672596944] [corgi_leg_odom]: Waiting for trigger...
[corgi_leg_odom-1] [INFO] [1784198179.253164246] [corgi_leg_odom]: Waiting for trigger...
[corgi_leg_odom-1] [INFO] [1784198179.833625881] [corgi_leg_odom]: Waiting for trigger...
[corgi_leg_odom-1] [INFO] [1784198180.397282995] [corgi_leg_odom]: Waiting for trigger...
[corgi_leg_odom-1] [INFO] [1784198180.998111537] [corgi_leg_odom]: Waiting for trigger...
[WARNING] [launch]: user interrupted with ctrl-c (SIGINT)
[INFO] [corgi_fusion_node-2]: sending signal 'SIGINT' to process[corgi_fusion_node-2]
[INFO] [corgi_leg_odom-1]: sending signal 'SIGINT' to process[corgi_leg_odom-1]
[corgi_leg_odom-1] [INFO] [1784198185.523900488] [corgi_leg_odom]: Interrupt received, shutting down...
[corgi_fusion_node-2] [INFO] [1784198185.523962746] [rclcpp]: signal_handler(SIGINT/SIGTERM)
[ERROR] [corgi_fusion_node-2]: process has died [pid 2129735, exit code -2, cmd '/home/hiho817/corgi_ws/corgi_ros2_ws/install/corgi_odometry/lib/corgi_odometry/corgi_fusion_node --ros-args -r __node:=corgi_fusion_node --params-file /tmp/launch_params_0y_85jm9'].
[ERROR] [corgi_leg_odom-1]: process has died [pid 2129733, exit code -2, cmd '/home/hiho817/corgi_ws/corgi_ros2_ws/install/corgi_odometry/lib/corgi_odometry/corgi_leg_odom --ros-args -r __node:=corgi_leg_odom --params-file /tmp/launch_params_357ou7fz -r /imu:=/imu_raw'].
