[INFO] [launch]: All log files can be found below /tmp/codex_ros_logs/2026-07-16-18-38-55-290732-HIHO817-TUF-JAMMY-2130938
[INFO] [launch]: Default logging verbosity is set to INFO
[INFO] [corgi_leg_odom-1]: process started with pid [2130960]
[INFO] [corgi_fusion_node-2]: process started with pid [2130962]
[corgi_fusion_node-2] [INFO] [1784198335.344739964] [corgi_fusion_node]: FusionNode: loaded config/fusion/config_fusion.yaml
[corgi_leg_odom-1] [WARN] [1784198335.346008179] [leg_odometry]: config has use_esekf_state=false but it is ignored in the online node — always running with ESEKF state
[corgi_fusion_node-2] [INFO] [1784198335.348153459] [corgi_fusion_node]: FusionNode started. map_frame=map, odom_frame=odom
[corgi_leg_odom-1] [INFO] [1784198335.350197165] [corgi_leg_odom]: Leg Odometry Node Started (event-driven, driven by motor_state, mode=LEG_ESEKF)
[corgi_leg_odom-1] [INFO] [1784198335.350235087] [corgi_leg_odom]: Waiting for simulation clock...
[corgi_leg_odom-1] ============================================================
[corgi_leg_odom-1] Discrete-Time Disturbance Observer
[corgi_leg_odom-1] ============================================================
[corgi_leg_odom-1] Sampling Time: 1 ms
[corgi_leg_odom-1] Cutoff frequency: 15 Hz
[corgi_leg_odom-1] γ (Z-domain Pole): 0.910057
[corgi_leg_odom-1] β: 98.83
[corgi_leg_odom-1] ============================================================
[corgi_leg_odom-1] [INFO] [1784198340.362514838] [corgi_leg_odom]: Clock synced! Sim Time: 1783499817.12
[corgi_leg_odom-1] [WARN] [1784198340.404653126] [corgi_leg_odom]: Waiting for data... Motor: 1, IMU: 0
[corgi_leg_odom-1] [INFO] [1784198340.950667542] [corgi_leg_odom]: Waiting for trigger...
[corgi_leg_odom-1] [INFO] [1784198341.544501144] [corgi_leg_odom]: Waiting for trigger...
[corgi_leg_odom-1] [INFO] [1784198342.090133296] [corgi_leg_odom]: Waiting for trigger...
[corgi_leg_odom-1] [INFO] [1784198342.673405977] [corgi_leg_odom]: Waiting for trigger...
[corgi_leg_odom-1] [INFO] [1784198343.243439743] [corgi_leg_odom]: Waiting for trigger...
[corgi_leg_odom-1] [INFO] [1784198343.793801852] [corgi_leg_odom]: Waiting for trigger...
[corgi_leg_odom-1] [INFO] [1784198344.331690607] [corgi_leg_odom]: Waiting for trigger...
[corgi_leg_odom-1] [INFO] [1784198344.958680449] [corgi_leg_odom]: Waiting for trigger...
[corgi_leg_odom-1] [INFO] [1784198345.515431991] [corgi_leg_odom]: Waiting for trigger...
[corgi_leg_odom-1] [INFO] [1784198346.030133545] [corgi_leg_odom]: Waiting for trigger...
[corgi_leg_odom-1] [INFO] [1784198346.600604620] [corgi_leg_odom]: Waiting for trigger...
[corgi_fusion_node-2] [INFO] [1784198346.881642987] [corgi_fusion_node]: FusionNode: trigger enabled — starting fusion
[corgi_leg_odom-1] [INFO] [1784198346.882986345] [corgi_leg_odom]: ES-EKF static init: N=200 samples (200 ms), ba=[0.0001, -0.0001, -0.0135] m/s², bw=[0.00011, 0.00042, -0.00003] rad/s
[corgi_leg_odom-1] [INFO] [1784198346.883018295] [corgi_leg_odom]: ES-EKF initialized (500 Hz, nominal dt=0.0020 s, initial_z=0.200 m)
[corgi_fusion_node-2] [INFO] [1784198346.924952021] [corgi_fusion_node]: FusionNode: T_{odom←camera_init} set: t=[0.099 -0.037 0.367] q=[0.6957 0.1266 0.1214 0.6966]
[corgi_fusion_node-2] [INFO] [1784198346.925008819] [corgi_fusion_node]: OuterEKF initialised: map frame aligned with odom frame (p_mo=0, q_mo=I)
[corgi_fusion_node-2] [INFO] [1784198364.026328145] [corgi_fusion_node]: FusionNode: trigger disabled — pausing fusion
[corgi_leg_odom-1] [INFO] [1784198364.208193712] [corgi_leg_odom]: Waiting for trigger...
[corgi_leg_odom-1] [INFO] [1784198364.728433376] [corgi_leg_odom]: Waiting for trigger...
[corgi_leg_odom-1] [INFO] [1784198365.254129775] [corgi_leg_odom]: Waiting for trigger...
[corgi_leg_odom-1] [INFO] [1784198365.788055306] [corgi_leg_odom]: Waiting for trigger...
[corgi_leg_odom-1] [INFO] [1784198366.319117212] [corgi_leg_odom]: Waiting for trigger...
[WARNING] [launch]: user interrupted with ctrl-c (SIGINT)
[INFO] [corgi_fusion_node-2]: sending signal 'SIGINT' to process[corgi_fusion_node-2]
[INFO] [corgi_leg_odom-1]: sending signal 'SIGINT' to process[corgi_leg_odom-1]
[corgi_leg_odom-1] [INFO] [1784198370.056209986] [corgi_leg_odom]: Interrupt received, shutting down...
[corgi_fusion_node-2] [INFO] [1784198370.056234443] [rclcpp]: signal_handler(SIGINT/SIGTERM)
[ERROR] [corgi_fusion_node-2]: process has died [pid 2130962, exit code -2, cmd '/home/hiho817/corgi_ws/corgi_ros2_ws/install/corgi_odometry/lib/corgi_odometry/corgi_fusion_node --ros-args -r __node:=corgi_fusion_node --params-file /tmp/launch_params_igdfzvis'].
[ERROR] [corgi_leg_odom-1]: process has died [pid 2130960, exit code -2, cmd '/home/hiho817/corgi_ws/corgi_ros2_ws/install/corgi_odometry/lib/corgi_odometry/corgi_leg_odom --ros-args -r __node:=corgi_leg_odom --params-file /tmp/launch_params_76bgcuwd -r /imu:=/imu_raw'].
