/home/hiho817/.local/lib/python3.10/site-packages/matplotlib/projections/__init__.py:63: UserWarning: Unable to import Axes3D. This may be due to multiple versions of Matplotlib being installed (e.g. as a system package and as a pip package). As a result, the 3D projection is not available.
  warnings.warn("Unable to import Axes3D. This may be due to multiple versions of "
/home/hiho817/analysis_ws/thesis_exp/physical_exp/experiments/FLAT_MPC_NEW_REAL_4/analyze_impl.py:1235: UserWarning: Glyph 23526 (\N{CJK UNIFIED IDEOGRAPH-5BE6}) missing from font(s) DejaVu Sans.
  fig.tight_layout()
/home/hiho817/analysis_ws/thesis_exp/physical_exp/experiments/FLAT_MPC_NEW_REAL_4/analyze_impl.py:1235: UserWarning: Glyph 39511 (\N{CJK UNIFIED IDEOGRAPH-9A57}) missing from font(s) DejaVu Sans.
  fig.tight_layout()
/home/hiho817/analysis_ws/thesis_exp/physical_exp/experiments/FLAT_MPC_NEW_REAL_4/analyze_impl.py:1235: UserWarning: Glyph 65306 (\N{FULLWIDTH COLON}) missing from font(s) DejaVu Sans.
  fig.tight_layout()
/home/hiho817/analysis_ws/thesis_exp/physical_exp/experiments/FLAT_MPC_NEW_REAL_4/analyze_impl.py:1235: UserWarning: Glyph 27604 (\N{CJK UNIFIED IDEOGRAPH-6BD4}) missing from font(s) DejaVu Sans.
  fig.tight_layout()
/home/hiho817/analysis_ws/thesis_exp/physical_exp/experiments/FLAT_MPC_NEW_REAL_4/analyze_impl.py:1235: UserWarning: Glyph 36611 (\N{CJK UNIFIED IDEOGRAPH-8F03}) missing from font(s) DejaVu Sans.
  fig.tight_layout()
/home/hiho817/analysis_ws/thesis_exp/physical_exp/experiments/FLAT_MPC_NEW_REAL_4/analyze_impl.py:1236: UserWarning: Glyph 23526 (\N{CJK UNIFIED IDEOGRAPH-5BE6}) missing from font(s) DejaVu Sans.
  fig.savefig(os.path.join(OUT_DIR, 'fig_comparison.pdf'), dpi=150)
/home/hiho817/analysis_ws/thesis_exp/physical_exp/experiments/FLAT_MPC_NEW_REAL_4/analyze_impl.py:1236: UserWarning: Glyph 39511 (\N{CJK UNIFIED IDEOGRAPH-9A57}) missing from font(s) DejaVu Sans.
  fig.savefig(os.path.join(OUT_DIR, 'fig_comparison.pdf'), dpi=150)
/home/hiho817/analysis_ws/thesis_exp/physical_exp/experiments/FLAT_MPC_NEW_REAL_4/analyze_impl.py:1236: UserWarning: Glyph 65306 (\N{FULLWIDTH COLON}) missing from font(s) DejaVu Sans.
  fig.savefig(os.path.join(OUT_DIR, 'fig_comparison.pdf'), dpi=150)
/home/hiho817/analysis_ws/thesis_exp/physical_exp/experiments/FLAT_MPC_NEW_REAL_4/analyze_impl.py:1236: UserWarning: Glyph 27604 (\N{CJK UNIFIED IDEOGRAPH-6BD4}) missing from font(s) DejaVu Sans.
  fig.savefig(os.path.join(OUT_DIR, 'fig_comparison.pdf'), dpi=150)
/home/hiho817/analysis_ws/thesis_exp/physical_exp/experiments/FLAT_MPC_NEW_REAL_4/analyze_impl.py:1236: UserWarning: Glyph 36611 (\N{CJK UNIFIED IDEOGRAPH-8F03}) missing from font(s) DejaVu Sans.
  fig.savefig(os.path.join(OUT_DIR, 'fig_comparison.pdf'), dpi=150)

============================================================
[NEW] FLAT_MPC_NEW_REAL_4  (mpc_esekf_20260528_192958)
============================================================
[vicon_loader] Markers: ['ground1', 'ground2', 'ground3', 'ground4', 'O1', 'O2', 'O3', 'O4', 'Tigger', 'G1', 'G2', 'G3', 'G4']
[vicon_loader] N=31502 frames, trigger frame=3048 (6.096 s), trigger_end frame=24234 (42.372 s after ON), contact_threshold=15 mm
[bag_loader] Using trigger pair 0: ON=1779967813.768s, OFF=1779967856.1480985
[bag_loader] EKF: 18099 msgs, odom: 423 msgs, fv: 423 msgs
[bag_loader] t_ros_trigger = 1779967813.768 s, t_trigger_end = 42.37970280647278
Analysis window: t ∈ [0, 42.37] s
  [LF] accuracy=90.0% (N=13870, TP=9540, TN=2938, FP=0, FN=1392; overlap=0.00–27.74s)
  [RF] accuracy=90.1% (N=14386, TP=11088, TN=1877, FP=86, FN=1335; overlap=0.00–28.77s)
  [RH] accuracy=87.2% (N=13988, TP=9541, TN=2657, FP=1, FN=1789; overlap=6.34–34.31s)
  [LH] accuracy=87.7% (N=13883, TP=8688, TN=3493, FP=79, FN=1623; overlap=5.41–33.18s)
  EKF Pos RMSE: X=1.19cm Y=6.98cm 3D=8.40cm
  EKF Vel RMSE vx=0.026 vy=0.038 m/s
  Odom RMSE: X=1.50cm Y=2.27cm 2D=2.72cm
  → Saved metrics.json & figures to /home/hiho817/analysis_ws/thesis_exp/physical_exp/experiments/FLAT_MPC_NEW_REAL_4/results/FLAT_MPC_NEW_REAL_4

[Summary] → /home/hiho817/analysis_ws/thesis_exp/physical_exp/experiments/FLAT_MPC_NEW_REAL_4/results/analysis_report.md

[Corrected summary] → /home/hiho817/analysis_ws/thesis_exp/physical_exp/experiments/FLAT_MPC_NEW_REAL_4/results/analysis_report.md
[Summary] → fig_comparison.pdf

Done. 1 experiments processed, 0 failed.
