/home/hiho817/.local/lib/python3.10/site-packages/matplotlib/projections/__init__.py:63: UserWarning: Unable to import Axes3D. This may be due to multiple versions of Matplotlib being installed (e.g. as a system package and as a pip package). As a result, the 3D projection is not available.
  warnings.warn("Unable to import Axes3D. This may be due to multiple versions of "
/home/hiho817/analysis_ws/thesis_exp/physical_exp/experiments/FLAT_WLW_NEW_REAL_5/analyze_impl.py:1236: UserWarning: Glyph 23526 (\N{CJK UNIFIED IDEOGRAPH-5BE6}) missing from font(s) DejaVu Sans.
  fig.tight_layout()
/home/hiho817/analysis_ws/thesis_exp/physical_exp/experiments/FLAT_WLW_NEW_REAL_5/analyze_impl.py:1236: UserWarning: Glyph 39511 (\N{CJK UNIFIED IDEOGRAPH-9A57}) missing from font(s) DejaVu Sans.
  fig.tight_layout()
/home/hiho817/analysis_ws/thesis_exp/physical_exp/experiments/FLAT_WLW_NEW_REAL_5/analyze_impl.py:1236: UserWarning: Glyph 65306 (\N{FULLWIDTH COLON}) missing from font(s) DejaVu Sans.
  fig.tight_layout()
/home/hiho817/analysis_ws/thesis_exp/physical_exp/experiments/FLAT_WLW_NEW_REAL_5/analyze_impl.py:1236: UserWarning: Glyph 27604 (\N{CJK UNIFIED IDEOGRAPH-6BD4}) missing from font(s) DejaVu Sans.
  fig.tight_layout()
/home/hiho817/analysis_ws/thesis_exp/physical_exp/experiments/FLAT_WLW_NEW_REAL_5/analyze_impl.py:1236: UserWarning: Glyph 36611 (\N{CJK UNIFIED IDEOGRAPH-8F03}) missing from font(s) DejaVu Sans.
  fig.tight_layout()
/home/hiho817/analysis_ws/thesis_exp/physical_exp/experiments/FLAT_WLW_NEW_REAL_5/analyze_impl.py:1236: UserWarning: Tight layout not applied. The bottom and top margins cannot be made large enough to accommodate all Axes decorations.
  fig.tight_layout()
/home/hiho817/analysis_ws/thesis_exp/physical_exp/experiments/FLAT_WLW_NEW_REAL_5/analyze_impl.py:1237: UserWarning: Glyph 23526 (\N{CJK UNIFIED IDEOGRAPH-5BE6}) missing from font(s) DejaVu Sans.
  fig.savefig(os.path.join(OUT_DIR, 'fig_comparison.pdf'), dpi=150)
/home/hiho817/analysis_ws/thesis_exp/physical_exp/experiments/FLAT_WLW_NEW_REAL_5/analyze_impl.py:1237: UserWarning: Glyph 39511 (\N{CJK UNIFIED IDEOGRAPH-9A57}) missing from font(s) DejaVu Sans.
  fig.savefig(os.path.join(OUT_DIR, 'fig_comparison.pdf'), dpi=150)
/home/hiho817/analysis_ws/thesis_exp/physical_exp/experiments/FLAT_WLW_NEW_REAL_5/analyze_impl.py:1237: UserWarning: Glyph 65306 (\N{FULLWIDTH COLON}) missing from font(s) DejaVu Sans.
  fig.savefig(os.path.join(OUT_DIR, 'fig_comparison.pdf'), dpi=150)
/home/hiho817/analysis_ws/thesis_exp/physical_exp/experiments/FLAT_WLW_NEW_REAL_5/analyze_impl.py:1237: UserWarning: Glyph 27604 (\N{CJK UNIFIED IDEOGRAPH-6BD4}) missing from font(s) DejaVu Sans.
  fig.savefig(os.path.join(OUT_DIR, 'fig_comparison.pdf'), dpi=150)
/home/hiho817/analysis_ws/thesis_exp/physical_exp/experiments/FLAT_WLW_NEW_REAL_5/analyze_impl.py:1237: UserWarning: Glyph 36611 (\N{CJK UNIFIED IDEOGRAPH-8F03}) missing from font(s) DejaVu Sans.
  fig.savefig(os.path.join(OUT_DIR, 'fig_comparison.pdf'), dpi=150)

============================================================
[NEW] FLAT_WLW_NEW_REAL_5  (odom_fusion20260528_161821_replay)
============================================================
[vicon_loader] Markers: ['ground1', 'ground2', 'ground3', 'ground4', 'O1', 'O2', 'O3', 'O4', 'Tigger', 'G1', 'G2', 'G3', 'G4']
[vicon_loader] N=26667 frames, trigger frame=7506 (15.012 s), trigger_end frame=25956 (36.900 s after ON), contact_threshold=15 mm
[bag_loader] Using trigger pair 0: ON=1779956306.660s, OFF=1779956343.5641413
[bag_loader] EKF: 16288 msgs, odom: 368 msgs, fv: 368 msgs
[bag_loader] t_ros_trigger = 1779956306.660 s, t_trigger_end = 36.904587507247925
Analysis window: t ∈ [0, 36.90] s
  [flip] Negating estimator signals: {'px', 'roll', 'py', 'pitch', 'vy', 'vx'}
  [LF] accuracy=65.0% (N=12015, TP=7152, TN=653, FP=2910, FN=1300; overlap=6.25–30.28s)
  [RF] accuracy=47.1% (N=11993, TP=4509, TN=1139, FP=5341, FN=1004; overlap=4.86–28.84s)
  [RH] accuracy=69.0% (N=13148, TP=7255, TN=1811, FP=2843, FN=1239; overlap=0.00–26.30s)
  [LH] accuracy=58.2% (N=12471, TP=5161, TN=2094, FP=2870, FN=2346; overlap=0.00–24.94s)
  EKF Pos RMSE: X=4.61cm Y=1.92cm 3D=5.21cm
  EKF Vel RMSE vx=0.018 vy=0.023 m/s
  Odom RMSE: X=0.95cm Y=0.58cm 2D=1.12cm
  → Saved metrics.json & figures to /home/hiho817/analysis_ws/thesis_exp/physical_exp/experiments/FLAT_WLW_NEW_REAL_5/results/FLAT_WLW_NEW_REAL_5

[Corrected summary] → /home/hiho817/analysis_ws/thesis_exp/physical_exp/experiments/FLAT_WLW_NEW_REAL_5/results/analysis_report.md
[Summary] → fig_comparison.pdf

Done. 1 experiments processed, 0 failed.
