/home/hiho817/.local/lib/python3.10/site-packages/matplotlib/projections/__init__.py:63: UserWarning: Unable to import Axes3D. This may be due to multiple versions of Matplotlib being installed (e.g. as a system package and as a pip package). As a result, the 3D projection is not available.
  warnings.warn("Unable to import Axes3D. This may be due to multiple versions of "
/home/hiho817/analysis_ws/thesis_exp/physical_exp/experiments/FLAT_Walk_NEW_REAL_1/analyze_impl.py:1235: UserWarning: Glyph 23526 (\N{CJK UNIFIED IDEOGRAPH-5BE6}) missing from font(s) DejaVu Sans.
  fig.tight_layout()
/home/hiho817/analysis_ws/thesis_exp/physical_exp/experiments/FLAT_Walk_NEW_REAL_1/analyze_impl.py:1235: UserWarning: Glyph 39511 (\N{CJK UNIFIED IDEOGRAPH-9A57}) missing from font(s) DejaVu Sans.
  fig.tight_layout()
/home/hiho817/analysis_ws/thesis_exp/physical_exp/experiments/FLAT_Walk_NEW_REAL_1/analyze_impl.py:1235: UserWarning: Glyph 65306 (\N{FULLWIDTH COLON}) missing from font(s) DejaVu Sans.
  fig.tight_layout()
/home/hiho817/analysis_ws/thesis_exp/physical_exp/experiments/FLAT_Walk_NEW_REAL_1/analyze_impl.py:1235: UserWarning: Glyph 27604 (\N{CJK UNIFIED IDEOGRAPH-6BD4}) missing from font(s) DejaVu Sans.
  fig.tight_layout()
/home/hiho817/analysis_ws/thesis_exp/physical_exp/experiments/FLAT_Walk_NEW_REAL_1/analyze_impl.py:1235: UserWarning: Glyph 36611 (\N{CJK UNIFIED IDEOGRAPH-8F03}) missing from font(s) DejaVu Sans.
  fig.tight_layout()
/home/hiho817/analysis_ws/thesis_exp/physical_exp/experiments/FLAT_Walk_NEW_REAL_1/analyze_impl.py:1236: UserWarning: Glyph 23526 (\N{CJK UNIFIED IDEOGRAPH-5BE6}) missing from font(s) DejaVu Sans.
  fig.savefig(os.path.join(OUT_DIR, 'fig_comparison.pdf'), dpi=150)
/home/hiho817/analysis_ws/thesis_exp/physical_exp/experiments/FLAT_Walk_NEW_REAL_1/analyze_impl.py:1236: UserWarning: Glyph 39511 (\N{CJK UNIFIED IDEOGRAPH-9A57}) missing from font(s) DejaVu Sans.
  fig.savefig(os.path.join(OUT_DIR, 'fig_comparison.pdf'), dpi=150)
/home/hiho817/analysis_ws/thesis_exp/physical_exp/experiments/FLAT_Walk_NEW_REAL_1/analyze_impl.py:1236: UserWarning: Glyph 65306 (\N{FULLWIDTH COLON}) missing from font(s) DejaVu Sans.
  fig.savefig(os.path.join(OUT_DIR, 'fig_comparison.pdf'), dpi=150)
/home/hiho817/analysis_ws/thesis_exp/physical_exp/experiments/FLAT_Walk_NEW_REAL_1/analyze_impl.py:1236: UserWarning: Glyph 27604 (\N{CJK UNIFIED IDEOGRAPH-6BD4}) missing from font(s) DejaVu Sans.
  fig.savefig(os.path.join(OUT_DIR, 'fig_comparison.pdf'), dpi=150)
/home/hiho817/analysis_ws/thesis_exp/physical_exp/experiments/FLAT_Walk_NEW_REAL_1/analyze_impl.py:1236: UserWarning: Glyph 36611 (\N{CJK UNIFIED IDEOGRAPH-8F03}) missing from font(s) DejaVu Sans.
  fig.savefig(os.path.join(OUT_DIR, 'fig_comparison.pdf'), dpi=150)

============================================================
[NEW] FLAT_Walk_NEW_REAL_1  (odom_fusion20260528_150739)
============================================================
[vicon_loader] Markers: ['ground1', 'ground2', 'ground3', 'ground4', 'O1', 'O2', 'O3', 'O4', 'Tigger', 'G1', 'G2', 'G3', 'G4']
[vicon_loader] N=19550 frames, trigger frame=1670 (3.340 s), trigger_end frame=19225 (35.110 s after ON), contact_threshold=15 mm
[bag_loader] Using trigger pair 0: ON=1779952087.487s, OFF=None
[bag_loader] EKF: 12361 msgs, odom: 275 msgs, fv: 275 msgs
[bag_loader] t_ros_trigger = 1779952087.487 s, t_trigger_end = None
  [time-align] trigger-OFF-only bag → offset +35.11s to VICON frame
Analysis window: t ∈ [0, 35.11] s
  [LF] accuracy=88.2% (N=10319, TP=6818, TN=2286, FP=498, FN=717; overlap=7.62–28.25s)
  [RF] accuracy=88.5% (N=10817, TP=8314, TN=1257, FP=378, FN=868; overlap=7.62–29.25s)
  [RH] accuracy=84.3% (N=13747, TP=9853, TN=1737, FP=0, FN=2157; overlap=7.62–35.11s)
  [LH] accuracy=87.7% (N=13648, TP=8991, TN=2975, FP=472, FN=1210; overlap=7.82–35.11s)
  EKF Pos RMSE: X=0.99cm Y=6.35cm 3D=6.47cm
  EKF Vel RMSE vx=0.048 vy=0.055 m/s
  Odom RMSE: X=0.83cm Y=5.75cm 2D=5.81cm
  → Saved metrics.json & figures to /home/hiho817/analysis_ws/thesis_exp/physical_exp/experiments/FLAT_Walk_NEW_REAL_1/results/FLAT_Walk_NEW_REAL_1

[Summary] → /home/hiho817/analysis_ws/thesis_exp/physical_exp/experiments/FLAT_Walk_NEW_REAL_1/results/analysis_report.md

[Corrected summary] → /home/hiho817/analysis_ws/thesis_exp/physical_exp/experiments/FLAT_Walk_NEW_REAL_1/results/analysis_report.md
[Summary] → fig_comparison.pdf

Done. 1 experiments processed, 0 failed.
