/home/hiho817/.local/lib/python3.10/site-packages/matplotlib/projections/__init__.py:63: UserWarning: Unable to import Axes3D. This may be due to multiple versions of Matplotlib being installed (e.g. as a system package and as a pip package). As a result, the 3D projection is not available.
  warnings.warn("Unable to import Axes3D. This may be due to multiple versions of "
/home/hiho817/analysis_ws/thesis_exp/physical_exp/experiments/FLAT_Walk_NEW_REAL_3/analyze_impl.py:1237: UserWarning: Glyph 23526 (\N{CJK UNIFIED IDEOGRAPH-5BE6}) missing from font(s) DejaVu Sans.
  fig.tight_layout()
/home/hiho817/analysis_ws/thesis_exp/physical_exp/experiments/FLAT_Walk_NEW_REAL_3/analyze_impl.py:1237: UserWarning: Glyph 39511 (\N{CJK UNIFIED IDEOGRAPH-9A57}) missing from font(s) DejaVu Sans.
  fig.tight_layout()
/home/hiho817/analysis_ws/thesis_exp/physical_exp/experiments/FLAT_Walk_NEW_REAL_3/analyze_impl.py:1237: UserWarning: Glyph 65306 (\N{FULLWIDTH COLON}) missing from font(s) DejaVu Sans.
  fig.tight_layout()
/home/hiho817/analysis_ws/thesis_exp/physical_exp/experiments/FLAT_Walk_NEW_REAL_3/analyze_impl.py:1237: UserWarning: Glyph 27604 (\N{CJK UNIFIED IDEOGRAPH-6BD4}) missing from font(s) DejaVu Sans.
  fig.tight_layout()
/home/hiho817/analysis_ws/thesis_exp/physical_exp/experiments/FLAT_Walk_NEW_REAL_3/analyze_impl.py:1237: UserWarning: Glyph 36611 (\N{CJK UNIFIED IDEOGRAPH-8F03}) missing from font(s) DejaVu Sans.
  fig.tight_layout()
/home/hiho817/analysis_ws/thesis_exp/physical_exp/experiments/FLAT_Walk_NEW_REAL_3/analyze_impl.py:1238: UserWarning: Glyph 23526 (\N{CJK UNIFIED IDEOGRAPH-5BE6}) missing from font(s) DejaVu Sans.
  fig.savefig(os.path.join(OUT_DIR, 'fig_comparison.pdf'), dpi=150)
/home/hiho817/analysis_ws/thesis_exp/physical_exp/experiments/FLAT_Walk_NEW_REAL_3/analyze_impl.py:1238: UserWarning: Glyph 39511 (\N{CJK UNIFIED IDEOGRAPH-9A57}) missing from font(s) DejaVu Sans.
  fig.savefig(os.path.join(OUT_DIR, 'fig_comparison.pdf'), dpi=150)
/home/hiho817/analysis_ws/thesis_exp/physical_exp/experiments/FLAT_Walk_NEW_REAL_3/analyze_impl.py:1238: UserWarning: Glyph 65306 (\N{FULLWIDTH COLON}) missing from font(s) DejaVu Sans.
  fig.savefig(os.path.join(OUT_DIR, 'fig_comparison.pdf'), dpi=150)
/home/hiho817/analysis_ws/thesis_exp/physical_exp/experiments/FLAT_Walk_NEW_REAL_3/analyze_impl.py:1238: UserWarning: Glyph 27604 (\N{CJK UNIFIED IDEOGRAPH-6BD4}) missing from font(s) DejaVu Sans.
  fig.savefig(os.path.join(OUT_DIR, 'fig_comparison.pdf'), dpi=150)
/home/hiho817/analysis_ws/thesis_exp/physical_exp/experiments/FLAT_Walk_NEW_REAL_3/analyze_impl.py:1238: UserWarning: Glyph 36611 (\N{CJK UNIFIED IDEOGRAPH-8F03}) missing from font(s) DejaVu Sans.
  fig.savefig(os.path.join(OUT_DIR, 'fig_comparison.pdf'), dpi=150)

============================================================
[NEW] FLAT_Walk_NEW_REAL_3  (odom_fusion20260528_151411_replay)
============================================================
[vicon_loader] Markers: ['ground1', 'ground2', 'ground3', 'ground4', 'O1', 'O2', 'O3', 'O4', 'Tigger', 'G1', 'G2', 'G3', 'G4']
[vicon_loader] N=20512 frames, trigger frame=737 (1.474 s), trigger_end frame=19946 (38.418 s after ON), contact_threshold=15 mm
[bag_loader] Using trigger pair 1: ON=1779952472.666s, OFF=1779952518.4294262
[bag_loader] EKF: 21425 msgs, odom: 479 msgs, fv: 479 msgs
[bag_loader] t_ros_trigger = 1779952472.666 s, t_trigger_end = 45.76301097869873
Analysis window: t ∈ [0, 38.42] s
  [LF] accuracy=55.9% (N=13018, TP=7274, TN=4, FP=1993, FN=3747; overlap=0.88–26.92s)
  [RF] accuracy=52.7% (N=12964, TP=6828, TN=0, FP=3415, FN=2721; overlap=0.00–25.93s)
  [RH] accuracy=55.8% (N=16466, TP=9055, TN=128, FP=3375, FN=3908; overlap=5.49–38.42s)
  [LH] accuracy=62.4% (N=16901, TP=10441, TN=104, FP=1747, FN=4609; overlap=4.62–38.42s)
  EKF Pos RMSE: X=1.35cm Y=5.63cm 3D=5.92cm
  EKF Vel RMSE vx=0.045 vy=0.053 m/s
  Odom RMSE: X=0.86cm Y=1.76cm 2D=1.96cm
  → Saved metrics.json & figures to /home/hiho817/analysis_ws/thesis_exp/physical_exp/experiments/FLAT_Walk_NEW_REAL_3/results/FLAT_Walk_NEW_REAL_3

[Corrected summary] → /home/hiho817/analysis_ws/thesis_exp/physical_exp/experiments/FLAT_Walk_NEW_REAL_3/results/analysis_report.md
[Summary] → fig_comparison.pdf

Done. 1 experiments processed, 0 failed.
